<!doctype html public "-//w3c//dtd html 4.0 transitional//en">
<html><head>
<title>Static Call Graph - [WirelessMQTT\WirelessMQTT.axf]</title></head>
<body><HR>
<H1>Static Call Graph for image WirelessMQTT\WirelessMQTT.axf</H1><HR>
<BR><P>#&#060CALLGRAPH&#062# ARM Linker, 5060960: Last Updated: Tue Aug 02 17:07:04 2022
<BR><P>
<H3>Maximum Stack Usage =        432 bytes + Unknown(Cycles, Untraceable Function Pointers)</H3><H3>
Call chain for Maximum Stack Depth:</H3>
main &rArr; GUI_DrawArc &rArr; GL_DrawArc &rArr; _DrawArc &rArr; sin &rArr; __ieee754_rem_pio2 &rArr; __aeabi_dsub &rArr; __aeabi_dadd &rArr; _double_epilogue &rArr; _double_round
<P>
<H3>
Mutually Recursive functions
</H3> <LI><a href="#[1c]">ADC1_2_IRQHandler</a>&nbsp;&nbsp;&nbsp;&rArr;&nbsp;&nbsp;&nbsp;<a href="#[1c]">ADC1_2_IRQHandler</a><BR>
 <LI><a href="#[4]">BusFault_Handler</a>&nbsp;&nbsp;&nbsp;&rArr;&nbsp;&nbsp;&nbsp;<a href="#[4]">BusFault_Handler</a><BR>
 <LI><a href="#[2]">HardFault_Handler</a>&nbsp;&nbsp;&nbsp;&rArr;&nbsp;&nbsp;&nbsp;<a href="#[2]">HardFault_Handler</a><BR>
 <LI><a href="#[3]">MemManage_Handler</a>&nbsp;&nbsp;&nbsp;&rArr;&nbsp;&nbsp;&nbsp;<a href="#[3]">MemManage_Handler</a><BR>
 <LI><a href="#[5]">UsageFault_Handler</a>&nbsp;&nbsp;&nbsp;&rArr;&nbsp;&nbsp;&nbsp;<a href="#[5]">UsageFault_Handler</a><BR>
 <LI><a href="#[1cc]">print_object</a>&nbsp;&nbsp;&nbsp;&rArr;&nbsp;&nbsp;&nbsp;<a href="#[1a5]">print_value</a><BR>
 <LI><a href="#[1c7]">print_array</a>&nbsp;&nbsp;&nbsp;&rArr;&nbsp;&nbsp;&nbsp;<a href="#[1a5]">print_value</a><BR>
 <LI><a href="#[1a3]">cJSON_Delete</a>&nbsp;&nbsp;&nbsp;&rArr;&nbsp;&nbsp;&nbsp;<a href="#[1a3]">cJSON_Delete</a><BR>
</UL>
<P>
<H3>
Function Pointers
</H3><UL>
 <LI><a href="#[1c]">ADC1_2_IRQHandler</a> from startup_stm32f103xb.o(.text) referenced from startup_stm32f103xb.o(RESET)
 <LI><a href="#[4]">BusFault_Handler</a> from stm32f1xx_it.o(i.BusFault_Handler) referenced from startup_stm32f103xb.o(RESET)
 <LI><a href="#[1f]">CAN1_RX1_IRQHandler</a> from startup_stm32f103xb.o(.text) referenced from startup_stm32f103xb.o(RESET)
 <LI><a href="#[20]">CAN1_SCE_IRQHandler</a> from startup_stm32f103xb.o(.text) referenced from startup_stm32f103xb.o(RESET)
 <LI><a href="#[15]">DMA1_Channel1_IRQHandler</a> from startup_stm32f103xb.o(.text) referenced from startup_stm32f103xb.o(RESET)
 <LI><a href="#[16]">DMA1_Channel2_IRQHandler</a> from startup_stm32f103xb.o(.text) referenced from startup_stm32f103xb.o(RESET)
 <LI><a href="#[17]">DMA1_Channel3_IRQHandler</a> from startup_stm32f103xb.o(.text) referenced from startup_stm32f103xb.o(RESET)
 <LI><a href="#[18]">DMA1_Channel4_IRQHandler</a> from startup_stm32f103xb.o(.text) referenced from startup_stm32f103xb.o(RESET)
 <LI><a href="#[19]">DMA1_Channel5_IRQHandler</a> from stm32f1xx_it.o(i.DMA1_Channel5_IRQHandler) referenced from startup_stm32f103xb.o(RESET)
 <LI><a href="#[1a]">DMA1_Channel6_IRQHandler</a> from startup_stm32f103xb.o(.text) referenced from startup_stm32f103xb.o(RESET)
 <LI><a href="#[1b]">DMA1_Channel7_IRQHandler</a> from startup_stm32f103xb.o(.text) referenced from startup_stm32f103xb.o(RESET)
 <LI><a href="#[7]">DebugMon_Handler</a> from stm32f1xx_it.o(i.DebugMon_Handler) referenced from startup_stm32f103xb.o(RESET)
 <LI><a href="#[10]">EXTI0_IRQHandler</a> from startup_stm32f103xb.o(.text) referenced from startup_stm32f103xb.o(RESET)
 <LI><a href="#[32]">EXTI15_10_IRQHandler</a> from startup_stm32f103xb.o(.text) referenced from startup_stm32f103xb.o(RESET)
 <LI><a href="#[11]">EXTI1_IRQHandler</a> from startup_stm32f103xb.o(.text) referenced from startup_stm32f103xb.o(RESET)
 <LI><a href="#[12]">EXTI2_IRQHandler</a> from startup_stm32f103xb.o(.text) referenced from startup_stm32f103xb.o(RESET)
 <LI><a href="#[13]">EXTI3_IRQHandler</a> from startup_stm32f103xb.o(.text) referenced from startup_stm32f103xb.o(RESET)
 <LI><a href="#[14]">EXTI4_IRQHandler</a> from startup_stm32f103xb.o(.text) referenced from startup_stm32f103xb.o(RESET)
 <LI><a href="#[21]">EXTI9_5_IRQHandler</a> from startup_stm32f103xb.o(.text) referenced from startup_stm32f103xb.o(RESET)
 <LI><a href="#[e]">FLASH_IRQHandler</a> from startup_stm32f103xb.o(.text) referenced from startup_stm32f103xb.o(RESET)
 <LI><a href="#[50]">GUIMONO_DispChar</a> from guicharm.o(i.GUIMONO_DispChar) referenced 2 times from f6x8.o(.constdata)
 <LI><a href="#[51]">GUIMONO_GetCharDistX</a> from guicharm.o(i.GUIMONO_GetCharDistX) referenced 2 times from f6x8.o(.constdata)
 <LI><a href="#[52]">GUIMONO_GetFontInfo</a> from guicharm.o(i.GUIMONO_GetFontInfo) referenced 2 times from f6x8.o(.constdata)
 <LI><a href="#[53]">GUIMONO_IsInFont</a> from guicharm.o(i.GUIMONO_IsInFont) referenced 2 times from f6x8.o(.constdata)
 <LI><a href="#[54]">GUIPROP_DispChar</a> from guicharp.o(i.GUIPROP_DispChar) referenced from f16b_ascii.o(.constdata)
 <LI><a href="#[55]">GUIPROP_GetCharDistX</a> from guicharp.o(i.GUIPROP_GetCharDistX) referenced from f16b_ascii.o(.constdata)
 <LI><a href="#[56]">GUIPROP_GetFontInfo</a> from guicharp.o(i.GUIPROP_GetFontInfo) referenced from f16b_ascii.o(.constdata)
 <LI><a href="#[57]">GUIPROP_IsInFont</a> from guicharp.o(i.GUIPROP_IsInFont) referenced from f16b_ascii.o(.constdata)
 <LI><a href="#[2]">HardFault_Handler</a> from stm32f1xx_it.o(i.HardFault_Handler) referenced from startup_stm32f103xb.o(RESET)
 <LI><a href="#[2a]">I2C1_ER_IRQHandler</a> from startup_stm32f103xb.o(.text) referenced from startup_stm32f103xb.o(RESET)
 <LI><a href="#[29]">I2C1_EV_IRQHandler</a> from startup_stm32f103xb.o(.text) referenced from startup_stm32f103xb.o(RESET)
 <LI><a href="#[2c]">I2C2_ER_IRQHandler</a> from startup_stm32f103xb.o(.text) referenced from startup_stm32f103xb.o(RESET)
 <LI><a href="#[2b]">I2C2_EV_IRQHandler</a> from startup_stm32f103xb.o(.text) referenced from startup_stm32f103xb.o(RESET)
 <LI><a href="#[3]">MemManage_Handler</a> from stm32f1xx_it.o(i.MemManage_Handler) referenced from startup_stm32f103xb.o(RESET)
 <LI><a href="#[1]">NMI_Handler</a> from stm32f1xx_it.o(i.NMI_Handler) referenced from startup_stm32f103xb.o(RESET)
 <LI><a href="#[b]">PVD_IRQHandler</a> from startup_stm32f103xb.o(.text) referenced from startup_stm32f103xb.o(RESET)
 <LI><a href="#[8]">PendSV_Handler</a> from stm32f1xx_it.o(i.PendSV_Handler) referenced from startup_stm32f103xb.o(RESET)
 <LI><a href="#[f]">RCC_IRQHandler</a> from startup_stm32f103xb.o(.text) referenced from startup_stm32f103xb.o(RESET)
 <LI><a href="#[33]">RTC_Alarm_IRQHandler</a> from startup_stm32f103xb.o(.text) referenced from startup_stm32f103xb.o(RESET)
 <LI><a href="#[d]">RTC_IRQHandler</a> from startup_stm32f103xb.o(.text) referenced from startup_stm32f103xb.o(RESET)
 <LI><a href="#[0]">Reset_Handler</a> from startup_stm32f103xb.o(.text) referenced from startup_stm32f103xb.o(RESET)
 <LI><a href="#[2d]">SPI1_IRQHandler</a> from startup_stm32f103xb.o(.text) referenced from startup_stm32f103xb.o(RESET)
 <LI><a href="#[2e]">SPI2_IRQHandler</a> from startup_stm32f103xb.o(.text) referenced from startup_stm32f103xb.o(RESET)
 <LI><a href="#[3e]">SPI_DMAError</a> from stm32f1xx_hal_spi.o(i.SPI_DMAError) referenced from stm32f1xx_hal_spi.o(i.HAL_SPI_Transmit_DMA)
 <LI><a href="#[3c]">SPI_DMAHalfTransmitCplt</a> from stm32f1xx_hal_spi.o(i.SPI_DMAHalfTransmitCplt) referenced from stm32f1xx_hal_spi.o(i.HAL_SPI_Transmit_DMA)
 <LI><a href="#[3d]">SPI_DMATransmitCplt</a> from stm32f1xx_hal_spi.o(i.SPI_DMATransmitCplt) referenced from stm32f1xx_hal_spi.o(i.HAL_SPI_Transmit_DMA)
 <LI><a href="#[6]">SVC_Handler</a> from stm32f1xx_it.o(i.SVC_Handler) referenced from startup_stm32f103xb.o(RESET)
 <LI><a href="#[9]">SysTick_Handler</a> from stm32f1xx_it.o(i.SysTick_Handler) referenced from startup_stm32f103xb.o(RESET)
 <LI><a href="#[36]">SystemInit</a> from system_stm32f1xx.o(i.SystemInit) referenced from startup_stm32f103xb.o(.text)
 <LI><a href="#[c]">TAMPER_IRQHandler</a> from startup_stm32f103xb.o(.text) referenced from startup_stm32f103xb.o(RESET)
 <LI><a href="#[22]">TIM1_BRK_IRQHandler</a> from startup_stm32f103xb.o(.text) referenced from startup_stm32f103xb.o(RESET)
 <LI><a href="#[25]">TIM1_CC_IRQHandler</a> from startup_stm32f103xb.o(.text) referenced from startup_stm32f103xb.o(RESET)
 <LI><a href="#[24]">TIM1_TRG_COM_IRQHandler</a> from startup_stm32f103xb.o(.text) referenced from startup_stm32f103xb.o(RESET)
 <LI><a href="#[23]">TIM1_UP_IRQHandler</a> from startup_stm32f103xb.o(.text) referenced from startup_stm32f103xb.o(RESET)
 <LI><a href="#[26]">TIM2_IRQHandler</a> from startup_stm32f103xb.o(.text) referenced from startup_stm32f103xb.o(RESET)
 <LI><a href="#[27]">TIM3_IRQHandler</a> from stm32f1xx_it.o(i.TIM3_IRQHandler) referenced from startup_stm32f103xb.o(RESET)
 <LI><a href="#[28]">TIM4_IRQHandler</a> from startup_stm32f103xb.o(.text) referenced from startup_stm32f103xb.o(RESET)
 <LI><a href="#[3f]">UART_DMAAbortOnError</a> from stm32f1xx_hal_uart.o(i.UART_DMAAbortOnError) referenced from stm32f1xx_hal_uart.o(i.HAL_UART_IRQHandler)
 <LI><a href="#[2f]">USART1_IRQHandler</a> from stm32f1xx_it.o(i.USART1_IRQHandler) referenced from startup_stm32f103xb.o(RESET)
 <LI><a href="#[30]">USART2_IRQHandler</a> from stm32f1xx_it.o(i.USART2_IRQHandler) referenced from startup_stm32f103xb.o(RESET)
 <LI><a href="#[31]">USART3_IRQHandler</a> from stm32f1xx_it.o(i.USART3_IRQHandler) referenced from startup_stm32f103xb.o(RESET)
 <LI><a href="#[34]">USBWakeUp_IRQHandler</a> from startup_stm32f103xb.o(.text) referenced from startup_stm32f103xb.o(RESET)
 <LI><a href="#[1d]">USB_HP_CAN1_TX_IRQHandler</a> from startup_stm32f103xb.o(.text) referenced from startup_stm32f103xb.o(RESET)
 <LI><a href="#[1e]">USB_LP_CAN1_RX0_IRQHandler</a> from startup_stm32f103xb.o(.text) referenced from startup_stm32f103xb.o(RESET)
 <LI><a href="#[5]">UsageFault_Handler</a> from stm32f1xx_it.o(i.UsageFault_Handler) referenced from startup_stm32f103xb.o(RESET)
 <LI><a href="#[a]">WWDG_IRQHandler</a> from startup_stm32f103xb.o(.text) referenced from startup_stm32f103xb.o(RESET)
 <LI><a href="#[5a]">_CalcSizeOfChar</a> from gui_uc_encodenone.o(i._CalcSizeOfChar) referenced from gui_uc_encodenone.o(.constdata)
 <LI><a href="#[5b]">_Encode</a> from gui_uc_encodenone.o(i._Encode) referenced from gui_uc_encodenone.o(.constdata)
 <LI><a href="#[58]">_GetCharCode</a> from gui_uc_encodenone.o(i._GetCharCode) referenced from gui_uc_encodenone.o(.constdata)
 <LI><a href="#[59]">_GetCharSize</a> from gui_uc_encodenone.o(i._GetCharSize) referenced from gui_uc_encodenone.o(.constdata)
 <LI><a href="#[37]">__main</a> from entry.o(.ARM.Collect$$$$00000000) referenced from startup_stm32f103xb.o(.text)
 <LI><a href="#[39]">_sbackspace</a> from _sgetc.o(.text) referenced from __0sscanf.o(.text)
 <LI><a href="#[3a]">_scanf_char_input</a> from scanf_char.o(.text) referenced from scanf_char.o(.text)
 <LI><a href="#[38]">_sgetc</a> from _sgetc.o(.text) referenced from __0sscanf.o(.text)
 <LI><a href="#[42]">_sputc</a> from printfa.o(i._sputc) referenced from printfa.o(i.__0sprintf)
 <LI><a href="#[4f]">at_lte_get_status</a> from at_command.o(i.at_lte_get_status) referenced from mqtt_app.o(i.mqtt_app_init)
 <LI><a href="#[40]">bufchar</a> from mqttpacket.o(i.bufchar) referenced from mqttpacket.o(i.MQTTPacket_decodeBuf)
 <LI><a href="#[45]">esp8266_tcp_connect</a> from at_command.o(i.esp8266_tcp_connect) referenced from mqtt_app.o(i.mqtt_app_init)
 <LI><a href="#[48]">esp8266_tcp_disconnect</a> from at_command.o(i.esp8266_tcp_disconnect) referenced from mqtt_app.o(i.mqtt_app_init)
 <LI><a href="#[44]">esp8266_tcp_init</a> from at_command.o(i.esp8266_tcp_init) referenced from mqtt_app.o(i.mqtt_app_init)
 <LI><a href="#[47]">esp8266_tcp_recv</a> from at_command.o(i.esp8266_tcp_recv) referenced from mqtt_app.o(i.mqtt_app_init)
 <LI><a href="#[46]">esp8266_tcp_send</a> from at_command.o(i.esp8266_tcp_send) referenced from mqtt_app.o(i.mqtt_app_init)
 <LI><a href="#[49]">esp8266_tcp_status</a> from at_command.o(i.esp8266_tcp_status) referenced from mqtt_app.o(i.mqtt_app_init)
 <LI><a href="#[41]">fputc</a> from debug.o(i.fputc) referenced from printfa.o(i.__0printf)
 <LI><a href="#[3b]">isspace</a> from isspace_o.o(.text) referenced from scanf_char.o(.text)
 <LI><a href="#[4b]">lte_tcp_connect</a> from at_command.o(i.lte_tcp_connect) referenced from mqtt_app.o(i.mqtt_app_init)
 <LI><a href="#[4e]">lte_tcp_disconnect</a> from at_command.o(i.lte_tcp_disconnect) referenced from mqtt_app.o(i.mqtt_app_init)
 <LI><a href="#[4a]">lte_tcp_init</a> from at_command.o(i.lte_tcp_init) referenced from mqtt_app.o(i.mqtt_app_init)
 <LI><a href="#[4d]">lte_tcp_recv</a> from at_command.o(i.lte_tcp_recv) referenced from mqtt_app.o(i.mqtt_app_init)
 <LI><a href="#[4c]">lte_tcp_send</a> from at_command.o(i.lte_tcp_send) referenced from mqtt_app.o(i.mqtt_app_init)
 <LI><a href="#[35]">main</a> from main.o(i.main) referenced from entry9a.o(.ARM.Collect$$$$0000000B)
 <LI><a href="#[43]">mqtt_app_json</a> from mqtt_app.o(i.mqtt_app_json) referenced from mqtt_app.o(i.mqtt_app_init)
 <LI><a href="#[5d]">my_free</a> from malloc.o(i.my_free) referenced from cjson.o(.data)
 <LI><a href="#[5c]">my_malloc</a> from malloc.o(i.my_malloc) referenced from cjson.o(.data)
 <LI><a href="#[5e]">my_mem_init</a> from malloc.o(i.my_mem_init) referenced from malloc.o(.data)
 <LI><a href="#[5f]">my_mem_perused</a> from malloc.o(i.my_mem_perused) referenced from malloc.o(.data)
</UL>
<P>
<H3>
Global Symbols
</H3>
<P><STRONG><a name="[37]"></a>__main</STRONG> (Thumb, 0 bytes, Stack size unknown bytes, entry.o(.ARM.Collect$$$$00000000))
<BR>[Address Reference Count : 1]<UL><LI> startup_stm32f103xb.o(.text)
</UL>
<P><STRONG><a name="[1d4]"></a>_main_stk</STRONG> (Thumb, 0 bytes, Stack size unknown bytes, entry2.o(.ARM.Collect$$$$00000001))

<P><STRONG><a name="[60]"></a>_main_scatterload</STRONG> (Thumb, 0 bytes, Stack size unknown bytes, entry5.o(.ARM.Collect$$$$00000004))
<BR><BR>[Calls]<UL><LI><a href="#[61]">&gt;&gt;</a>&nbsp;&nbsp;&nbsp;__scatterload
</UL>

<P><STRONG><a name="[87]"></a>__main_after_scatterload</STRONG> (Thumb, 0 bytes, Stack size unknown bytes, entry5.o(.ARM.Collect$$$$00000004))
<BR><BR>[Called By]<UL><LI><a href="#[61]">&gt;&gt;</a>&nbsp;&nbsp;&nbsp;__scatterload
</UL>

<P><STRONG><a name="[1d5]"></a>_main_clock</STRONG> (Thumb, 0 bytes, Stack size unknown bytes, entry7b.o(.ARM.Collect$$$$00000008))

<P><STRONG><a name="[1d6]"></a>_main_cpp_init</STRONG> (Thumb, 0 bytes, Stack size unknown bytes, entry8b.o(.ARM.Collect$$$$0000000A))

<P><STRONG><a name="[1d7]"></a>_main_init</STRONG> (Thumb, 0 bytes, Stack size unknown bytes, entry9a.o(.ARM.Collect$$$$0000000B))

<P><STRONG><a name="[1d8]"></a>__rt_lib_shutdown_fini</STRONG> (Thumb, 0 bytes, Stack size unknown bytes, entry12b.o(.ARM.Collect$$$$0000000E))

<P><STRONG><a name="[1d9]"></a>__rt_final_cpp</STRONG> (Thumb, 0 bytes, Stack size unknown bytes, entry10a.o(.ARM.Collect$$$$0000000F))

<P><STRONG><a name="[1da]"></a>__rt_final_exit</STRONG> (Thumb, 0 bytes, Stack size unknown bytes, entry11a.o(.ARM.Collect$$$$00000011))

<P><STRONG><a name="[0]"></a>Reset_Handler</STRONG> (Thumb, 8 bytes, Stack size 0 bytes, startup_stm32f103xb.o(.text))
<BR>[Address Reference Count : 1]<UL><LI> startup_stm32f103xb.o(RESET)
</UL>
<P><STRONG><a name="[1c]"></a>ADC1_2_IRQHandler</STRONG> (Thumb, 0 bytes, Stack size 0 bytes, startup_stm32f103xb.o(.text))
<BR><BR>[Calls]<UL><LI><a href="#[1c]">&gt;&gt;</a>&nbsp;&nbsp;&nbsp;ADC1_2_IRQHandler
</UL>
<BR>[Called By]<UL><LI><a href="#[1c]">&gt;&gt;</a>&nbsp;&nbsp;&nbsp;ADC1_2_IRQHandler
</UL>
<BR>[Address Reference Count : 1]<UL><LI> startup_stm32f103xb.o(RESET)
</UL>
<P><STRONG><a name="[1f]"></a>CAN1_RX1_IRQHandler</STRONG> (Thumb, 0 bytes, Stack size 0 bytes, startup_stm32f103xb.o(.text))
<BR>[Address Reference Count : 1]<UL><LI> startup_stm32f103xb.o(RESET)
</UL>
<P><STRONG><a name="[20]"></a>CAN1_SCE_IRQHandler</STRONG> (Thumb, 0 bytes, Stack size 0 bytes, startup_stm32f103xb.o(.text))
<BR>[Address Reference Count : 1]<UL><LI> startup_stm32f103xb.o(RESET)
</UL>
<P><STRONG><a name="[15]"></a>DMA1_Channel1_IRQHandler</STRONG> (Thumb, 0 bytes, Stack size 0 bytes, startup_stm32f103xb.o(.text))
<BR>[Address Reference Count : 1]<UL><LI> startup_stm32f103xb.o(RESET)
</UL>
<P><STRONG><a name="[16]"></a>DMA1_Channel2_IRQHandler</STRONG> (Thumb, 0 bytes, Stack size 0 bytes, startup_stm32f103xb.o(.text))
<BR>[Address Reference Count : 1]<UL><LI> startup_stm32f103xb.o(RESET)
</UL>
<P><STRONG><a name="[17]"></a>DMA1_Channel3_IRQHandler</STRONG> (Thumb, 0 bytes, Stack size 0 bytes, startup_stm32f103xb.o(.text))
<BR>[Address Reference Count : 1]<UL><LI> startup_stm32f103xb.o(RESET)
</UL>
<P><STRONG><a name="[18]"></a>DMA1_Channel4_IRQHandler</STRONG> (Thumb, 0 bytes, Stack size 0 bytes, startup_stm32f103xb.o(.text))
<BR>[Address Reference Count : 1]<UL><LI> startup_stm32f103xb.o(RESET)
</UL>
<P><STRONG><a name="[1a]"></a>DMA1_Channel6_IRQHandler</STRONG> (Thumb, 0 bytes, Stack size 0 bytes, startup_stm32f103xb.o(.text))
<BR>[Address Reference Count : 1]<UL><LI> startup_stm32f103xb.o(RESET)
</UL>
<P><STRONG><a name="[1b]"></a>DMA1_Channel7_IRQHandler</STRONG> (Thumb, 0 bytes, Stack size 0 bytes, startup_stm32f103xb.o(.text))
<BR>[Address Reference Count : 1]<UL><LI> startup_stm32f103xb.o(RESET)
</UL>
<P><STRONG><a name="[10]"></a>EXTI0_IRQHandler</STRONG> (Thumb, 0 bytes, Stack size 0 bytes, startup_stm32f103xb.o(.text))
<BR>[Address Reference Count : 1]<UL><LI> startup_stm32f103xb.o(RESET)
</UL>
<P><STRONG><a name="[32]"></a>EXTI15_10_IRQHandler</STRONG> (Thumb, 0 bytes, Stack size 0 bytes, startup_stm32f103xb.o(.text))
<BR>[Address Reference Count : 1]<UL><LI> startup_stm32f103xb.o(RESET)
</UL>
<P><STRONG><a name="[11]"></a>EXTI1_IRQHandler</STRONG> (Thumb, 0 bytes, Stack size 0 bytes, startup_stm32f103xb.o(.text))
<BR>[Address Reference Count : 1]<UL><LI> startup_stm32f103xb.o(RESET)
</UL>
<P><STRONG><a name="[12]"></a>EXTI2_IRQHandler</STRONG> (Thumb, 0 bytes, Stack size 0 bytes, startup_stm32f103xb.o(.text))
<BR>[Address Reference Count : 1]<UL><LI> startup_stm32f103xb.o(RESET)
</UL>
<P><STRONG><a name="[13]"></a>EXTI3_IRQHandler</STRONG> (Thumb, 0 bytes, Stack size 0 bytes, startup_stm32f103xb.o(.text))
<BR>[Address Reference Count : 1]<UL><LI> startup_stm32f103xb.o(RESET)
</UL>
<P><STRONG><a name="[14]"></a>EXTI4_IRQHandler</STRONG> (Thumb, 0 bytes, Stack size 0 bytes, startup_stm32f103xb.o(.text))
<BR>[Address Reference Count : 1]<UL><LI> startup_stm32f103xb.o(RESET)
</UL>
<P><STRONG><a name="[21]"></a>EXTI9_5_IRQHandler</STRONG> (Thumb, 0 bytes, Stack size 0 bytes, startup_stm32f103xb.o(.text))
<BR>[Address Reference Count : 1]<UL><LI> startup_stm32f103xb.o(RESET)
</UL>
<P><STRONG><a name="[e]"></a>FLASH_IRQHandler</STRONG> (Thumb, 0 bytes, Stack size 0 bytes, startup_stm32f103xb.o(.text))
<BR>[Address Reference Count : 1]<UL><LI> startup_stm32f103xb.o(RESET)
</UL>
<P><STRONG><a name="[2a]"></a>I2C1_ER_IRQHandler</STRONG> (Thumb, 0 bytes, Stack size 0 bytes, startup_stm32f103xb.o(.text))
<BR>[Address Reference Count : 1]<UL><LI> startup_stm32f103xb.o(RESET)
</UL>
<P><STRONG><a name="[29]"></a>I2C1_EV_IRQHandler</STRONG> (Thumb, 0 bytes, Stack size 0 bytes, startup_stm32f103xb.o(.text))
<BR>[Address Reference Count : 1]<UL><LI> startup_stm32f103xb.o(RESET)
</UL>
<P><STRONG><a name="[2c]"></a>I2C2_ER_IRQHandler</STRONG> (Thumb, 0 bytes, Stack size 0 bytes, startup_stm32f103xb.o(.text))
<BR>[Address Reference Count : 1]<UL><LI> startup_stm32f103xb.o(RESET)
</UL>
<P><STRONG><a name="[2b]"></a>I2C2_EV_IRQHandler</STRONG> (Thumb, 0 bytes, Stack size 0 bytes, startup_stm32f103xb.o(.text))
<BR>[Address Reference Count : 1]<UL><LI> startup_stm32f103xb.o(RESET)
</UL>
<P><STRONG><a name="[b]"></a>PVD_IRQHandler</STRONG> (Thumb, 0 bytes, Stack size 0 bytes, startup_stm32f103xb.o(.text))
<BR>[Address Reference Count : 1]<UL><LI> startup_stm32f103xb.o(RESET)
</UL>
<P><STRONG><a name="[f]"></a>RCC_IRQHandler</STRONG> (Thumb, 0 bytes, Stack size 0 bytes, startup_stm32f103xb.o(.text))
<BR>[Address Reference Count : 1]<UL><LI> startup_stm32f103xb.o(RESET)
</UL>
<P><STRONG><a name="[33]"></a>RTC_Alarm_IRQHandler</STRONG> (Thumb, 0 bytes, Stack size 0 bytes, startup_stm32f103xb.o(.text))
<BR>[Address Reference Count : 1]<UL><LI> startup_stm32f103xb.o(RESET)
</UL>
<P><STRONG><a name="[d]"></a>RTC_IRQHandler</STRONG> (Thumb, 0 bytes, Stack size 0 bytes, startup_stm32f103xb.o(.text))
<BR>[Address Reference Count : 1]<UL><LI> startup_stm32f103xb.o(RESET)
</UL>
<P><STRONG><a name="[2d]"></a>SPI1_IRQHandler</STRONG> (Thumb, 0 bytes, Stack size 0 bytes, startup_stm32f103xb.o(.text))
<BR>[Address Reference Count : 1]<UL><LI> startup_stm32f103xb.o(RESET)
</UL>
<P><STRONG><a name="[2e]"></a>SPI2_IRQHandler</STRONG> (Thumb, 0 bytes, Stack size 0 bytes, startup_stm32f103xb.o(.text))
<BR>[Address Reference Count : 1]<UL><LI> startup_stm32f103xb.o(RESET)
</UL>
<P><STRONG><a name="[c]"></a>TAMPER_IRQHandler</STRONG> (Thumb, 0 bytes, Stack size 0 bytes, startup_stm32f103xb.o(.text))
<BR>[Address Reference Count : 1]<UL><LI> startup_stm32f103xb.o(RESET)
</UL>
<P><STRONG><a name="[22]"></a>TIM1_BRK_IRQHandler</STRONG> (Thumb, 0 bytes, Stack size 0 bytes, startup_stm32f103xb.o(.text))
<BR>[Address Reference Count : 1]<UL><LI> startup_stm32f103xb.o(RESET)
</UL>
<P><STRONG><a name="[25]"></a>TIM1_CC_IRQHandler</STRONG> (Thumb, 0 bytes, Stack size 0 bytes, startup_stm32f103xb.o(.text))
<BR>[Address Reference Count : 1]<UL><LI> startup_stm32f103xb.o(RESET)
</UL>
<P><STRONG><a name="[24]"></a>TIM1_TRG_COM_IRQHandler</STRONG> (Thumb, 0 bytes, Stack size 0 bytes, startup_stm32f103xb.o(.text))
<BR>[Address Reference Count : 1]<UL><LI> startup_stm32f103xb.o(RESET)
</UL>
<P><STRONG><a name="[23]"></a>TIM1_UP_IRQHandler</STRONG> (Thumb, 0 bytes, Stack size 0 bytes, startup_stm32f103xb.o(.text))
<BR>[Address Reference Count : 1]<UL><LI> startup_stm32f103xb.o(RESET)
</UL>
<P><STRONG><a name="[26]"></a>TIM2_IRQHandler</STRONG> (Thumb, 0 bytes, Stack size 0 bytes, startup_stm32f103xb.o(.text))
<BR>[Address Reference Count : 1]<UL><LI> startup_stm32f103xb.o(RESET)
</UL>
<P><STRONG><a name="[28]"></a>TIM4_IRQHandler</STRONG> (Thumb, 0 bytes, Stack size 0 bytes, startup_stm32f103xb.o(.text))
<BR>[Address Reference Count : 1]<UL><LI> startup_stm32f103xb.o(RESET)
</UL>
<P><STRONG><a name="[34]"></a>USBWakeUp_IRQHandler</STRONG> (Thumb, 0 bytes, Stack size 0 bytes, startup_stm32f103xb.o(.text))
<BR>[Address Reference Count : 1]<UL><LI> startup_stm32f103xb.o(RESET)
</UL>
<P><STRONG><a name="[1d]"></a>USB_HP_CAN1_TX_IRQHandler</STRONG> (Thumb, 0 bytes, Stack size 0 bytes, startup_stm32f103xb.o(.text))
<BR>[Address Reference Count : 1]<UL><LI> startup_stm32f103xb.o(RESET)
</UL>
<P><STRONG><a name="[1e]"></a>USB_LP_CAN1_RX0_IRQHandler</STRONG> (Thumb, 0 bytes, Stack size 0 bytes, startup_stm32f103xb.o(.text))
<BR>[Address Reference Count : 1]<UL><LI> startup_stm32f103xb.o(RESET)
</UL>
<P><STRONG><a name="[a]"></a>WWDG_IRQHandler</STRONG> (Thumb, 0 bytes, Stack size 0 bytes, startup_stm32f103xb.o(.text))
<BR>[Address Reference Count : 1]<UL><LI> startup_stm32f103xb.o(RESET)
</UL>
<P><STRONG><a name="[81]"></a>__aeabi_llsr</STRONG> (Thumb, 32 bytes, Stack size 0 bytes, llushr.o(.text))
<BR><BR>[Called By]<UL><LI><a href="#[80]">&gt;&gt;</a>&nbsp;&nbsp;&nbsp;__aeabi_d2iz
<LI><a href="#[83]">&gt;&gt;</a>&nbsp;&nbsp;&nbsp;__aeabi_uldivmod
<LI><a href="#[76]">&gt;&gt;</a>&nbsp;&nbsp;&nbsp;_double_epilogue
<LI><a href="#[86]">&gt;&gt;</a>&nbsp;&nbsp;&nbsp;__aeabi_d2ulz
</UL>

<P><STRONG><a name="[1db]"></a>_ll_ushift_r</STRONG> (Thumb, 0 bytes, Stack size 0 bytes, llushr.o(.text), UNUSED)

<P><STRONG><a name="[62]"></a>__rt_ctype_table</STRONG> (Thumb, 4 bytes, Stack size 0 bytes, ctype_o.o(.text))
<BR><BR>[Called By]<UL><LI><a href="#[47]">&gt;&gt;</a>&nbsp;&nbsp;&nbsp;esp8266_tcp_recv
<LI><a href="#[6c]">&gt;&gt;</a>&nbsp;&nbsp;&nbsp;strtol
<LI><a href="#[3b]">&gt;&gt;</a>&nbsp;&nbsp;&nbsp;isspace
</UL>

<P><STRONG><a name="[3b]"></a>isspace</STRONG> (Thumb, 18 bytes, Stack size 8 bytes, isspace_o.o(.text))
<BR><BR>[Stack]<UL><LI>Max Depth = 8<LI>Call Chain = isspace
</UL>
<BR>[Calls]<UL><LI><a href="#[62]">&gt;&gt;</a>&nbsp;&nbsp;&nbsp;__rt_ctype_table
</UL>
<BR>[Address Reference Count : 1]<UL><LI> scanf_char.o(.text)
</UL>
<P><STRONG><a name="[1c0]"></a>rand</STRONG> (Thumb, 20 bytes, Stack size 0 bytes, rand.o(.text))
<BR><BR>[Called By]<UL><LI><a href="#[1bc]">&gt;&gt;</a>&nbsp;&nbsp;&nbsp;mqtt_app_publish
</UL>

<P><STRONG><a name="[1dc]"></a>srand</STRONG> (Thumb, 6 bytes, Stack size 0 bytes, rand.o(.text), UNUSED)

<P><STRONG><a name="[1dd]"></a>___aeabi_memcpy8$move</STRONG> (Thumb, 0 bytes, Stack size 8 bytes, memmovea.o(.text), UNUSED)

<P><STRONG><a name="[13f]"></a>__aeabi_memcpy</STRONG> (Thumb, 64 bytes, Stack size 8 bytes, memmovea.o(.text))
<BR><BR>[Stack]<UL><LI>Max Depth = 8<LI>Call Chain = __aeabi_memcpy
</UL>
<BR>[Called By]<UL><LI><a href="#[4d]">&gt;&gt;</a>&nbsp;&nbsp;&nbsp;lte_tcp_recv
<LI><a href="#[13d]">&gt;&gt;</a>&nbsp;&nbsp;&nbsp;MQTTSerialize_publish
<LI><a href="#[196]">&gt;&gt;</a>&nbsp;&nbsp;&nbsp;at_lte_send_raw
<LI><a href="#[189]">&gt;&gt;</a>&nbsp;&nbsp;&nbsp;at_agent_send_raw
<LI><a href="#[139]">&gt;&gt;</a>&nbsp;&nbsp;&nbsp;writeMQTTString
<LI><a href="#[137]">&gt;&gt;</a>&nbsp;&nbsp;&nbsp;writeCString
<LI><a href="#[1ab]">&gt;&gt;</a>&nbsp;&nbsp;&nbsp;ring_q_enqueue
<LI><a href="#[1aa]">&gt;&gt;</a>&nbsp;&nbsp;&nbsp;ring_q_dequeue
<LI><a href="#[1cc]">&gt;&gt;</a>&nbsp;&nbsp;&nbsp;print_object
<LI><a href="#[1c7]">&gt;&gt;</a>&nbsp;&nbsp;&nbsp;print_array
<LI><a href="#[1ad]">&gt;&gt;</a>&nbsp;&nbsp;&nbsp;ensure
<LI><a href="#[19c]">&gt;&gt;</a>&nbsp;&nbsp;&nbsp;cJSON_strdup
</UL>

<P><STRONG><a name="[1de]"></a>__aeabi_memcpy4</STRONG> (Thumb, 0 bytes, Stack size 8 bytes, memmovea.o(.text), UNUSED)

<P><STRONG><a name="[1df]"></a>__aeabi_memmove</STRONG> (Thumb, 0 bytes, Stack size 8 bytes, memmovea.o(.text), UNUSED)

<P><STRONG><a name="[1e0]"></a>__aeabi_memmove4</STRONG> (Thumb, 0 bytes, Stack size 8 bytes, memmovea.o(.text), UNUSED)

<P><STRONG><a name="[1e1]"></a>__aeabi_memmove8</STRONG> (Thumb, 0 bytes, Stack size 8 bytes, memmovea.o(.text), UNUSED)

<P><STRONG><a name="[64]"></a>__aeabi_memset</STRONG> (Thumb, 14 bytes, Stack size 0 bytes, memseta.o(.text))
<BR><BR>[Called By]<UL><LI><a href="#[65]">&gt;&gt;</a>&nbsp;&nbsp;&nbsp;_memset$wrapper
<LI><a href="#[63]">&gt;&gt;</a>&nbsp;&nbsp;&nbsp;__aeabi_memclr
</UL>

<P><STRONG><a name="[1e2]"></a>__aeabi_memset4</STRONG> (Thumb, 0 bytes, Stack size 0 bytes, memseta.o(.text), UNUSED)

<P><STRONG><a name="[1e3]"></a>__aeabi_memset8</STRONG> (Thumb, 0 bytes, Stack size 0 bytes, memseta.o(.text), UNUSED)

<P><STRONG><a name="[63]"></a>__aeabi_memclr</STRONG> (Thumb, 4 bytes, Stack size 0 bytes, memseta.o(.text))
<BR><BR>[Calls]<UL><LI><a href="#[64]">&gt;&gt;</a>&nbsp;&nbsp;&nbsp;__aeabi_memset
</UL>
<BR>[Called By]<UL><LI><a href="#[1b6]">&gt;&gt;</a>&nbsp;&nbsp;&nbsp;sgp30_init
<LI><a href="#[1b0]">&gt;&gt;</a>&nbsp;&nbsp;&nbsp;lte_check
<LI><a href="#[1ae]">&gt;&gt;</a>&nbsp;&nbsp;&nbsp;esp8266_check
<LI><a href="#[4c]">&gt;&gt;</a>&nbsp;&nbsp;&nbsp;lte_tcp_send
<LI><a href="#[4e]">&gt;&gt;</a>&nbsp;&nbsp;&nbsp;lte_tcp_disconnect
<LI><a href="#[4b]">&gt;&gt;</a>&nbsp;&nbsp;&nbsp;lte_tcp_connect
<LI><a href="#[46]">&gt;&gt;</a>&nbsp;&nbsp;&nbsp;esp8266_tcp_send
<LI><a href="#[4f]">&gt;&gt;</a>&nbsp;&nbsp;&nbsp;at_lte_get_status
<LI><a href="#[193]">&gt;&gt;</a>&nbsp;&nbsp;&nbsp;at_lte_get_csq
<LI><a href="#[192]">&gt;&gt;</a>&nbsp;&nbsp;&nbsp;at_lte_deact_scene
<LI><a href="#[191]">&gt;&gt;</a>&nbsp;&nbsp;&nbsp;at_lte_cfg_scene
<LI><a href="#[18f]">&gt;&gt;</a>&nbsp;&nbsp;&nbsp;at_lte_act_scene
<LI><a href="#[18c]">&gt;&gt;</a>&nbsp;&nbsp;&nbsp;at_agent_tcp_disconnect
<LI><a href="#[18b]">&gt;&gt;</a>&nbsp;&nbsp;&nbsp;at_agent_tcp_connect
<LI><a href="#[18a]">&gt;&gt;</a>&nbsp;&nbsp;&nbsp;at_agent_set_mode
<LI><a href="#[188]">&gt;&gt;</a>&nbsp;&nbsp;&nbsp;at_agent_restore
<LI><a href="#[187]">&gt;&gt;</a>&nbsp;&nbsp;&nbsp;at_agent_reset
<LI><a href="#[186]">&gt;&gt;</a>&nbsp;&nbsp;&nbsp;at_agent_joint_ap
<LI><a href="#[185]">&gt;&gt;</a>&nbsp;&nbsp;&nbsp;at_agent_get_ip
<LI><a href="#[17f]">&gt;&gt;</a>&nbsp;&nbsp;&nbsp;at_agent_get_connect_status
</UL>

<P><STRONG><a name="[15b]"></a>__aeabi_memclr4</STRONG> (Thumb, 0 bytes, Stack size 0 bytes, memseta.o(.text))
<BR><BR>[Called By]<UL><LI><a href="#[15a]">&gt;&gt;</a>&nbsp;&nbsp;&nbsp;SystemClock_Config
<LI><a href="#[1cc]">&gt;&gt;</a>&nbsp;&nbsp;&nbsp;print_object
<LI><a href="#[1c7]">&gt;&gt;</a>&nbsp;&nbsp;&nbsp;print_array
<LI><a href="#[19f]">&gt;&gt;</a>&nbsp;&nbsp;&nbsp;cJSON_New_Item
</UL>

<P><STRONG><a name="[1e4]"></a>__aeabi_memclr8</STRONG> (Thumb, 0 bytes, Stack size 0 bytes, memseta.o(.text), UNUSED)

<P><STRONG><a name="[65]"></a>_memset$wrapper</STRONG> (Thumb, 18 bytes, Stack size 8 bytes, memseta.o(.text), UNUSED)
<BR><BR>[Calls]<UL><LI><a href="#[64]">&gt;&gt;</a>&nbsp;&nbsp;&nbsp;__aeabi_memset
</UL>

<P><STRONG><a name="[184]"></a>strstr</STRONG> (Thumb, 36 bytes, Stack size 12 bytes, strstr.o(.text))
<BR><BR>[Stack]<UL><LI>Max Depth = 12<LI>Call Chain = strstr
</UL>
<BR>[Called By]<UL><LI><a href="#[4d]">&gt;&gt;</a>&nbsp;&nbsp;&nbsp;lte_tcp_recv
<LI><a href="#[4b]">&gt;&gt;</a>&nbsp;&nbsp;&nbsp;lte_tcp_connect
<LI><a href="#[49]">&gt;&gt;</a>&nbsp;&nbsp;&nbsp;esp8266_tcp_status
<LI><a href="#[4f]">&gt;&gt;</a>&nbsp;&nbsp;&nbsp;at_lte_get_status
<LI><a href="#[183]">&gt;&gt;</a>&nbsp;&nbsp;&nbsp;at_agent_wait_for_string
<LI><a href="#[185]">&gt;&gt;</a>&nbsp;&nbsp;&nbsp;at_agent_get_ip
<LI><a href="#[17f]">&gt;&gt;</a>&nbsp;&nbsp;&nbsp;at_agent_get_connect_status
</UL>

<P><STRONG><a name="[1cf]"></a>strchr</STRONG> (Thumb, 20 bytes, Stack size 0 bytes, strchr.o(.text))
<BR><BR>[Called By]<UL><LI><a href="#[1cd]">&gt;&gt;</a>&nbsp;&nbsp;&nbsp;print_string_ptr
</UL>

<P><STRONG><a name="[140]"></a>strlen</STRONG> (Thumb, 14 bytes, Stack size 0 bytes, strlen.o(.text))
<BR><BR>[Called By]<UL><LI><a href="#[1bc]">&gt;&gt;</a>&nbsp;&nbsp;&nbsp;mqtt_app_publish
<LI><a href="#[190]">&gt;&gt;</a>&nbsp;&nbsp;&nbsp;at_lte_send_string
<LI><a href="#[182]">&gt;&gt;</a>&nbsp;&nbsp;&nbsp;at_agent_send_string
<LI><a href="#[137]">&gt;&gt;</a>&nbsp;&nbsp;&nbsp;writeCString
<LI><a href="#[13a]">&gt;&gt;</a>&nbsp;&nbsp;&nbsp;MQTTstrlen
<LI><a href="#[1c8]">&gt;&gt;</a>&nbsp;&nbsp;&nbsp;update
<LI><a href="#[1cc]">&gt;&gt;</a>&nbsp;&nbsp;&nbsp;print_object
<LI><a href="#[1c7]">&gt;&gt;</a>&nbsp;&nbsp;&nbsp;print_array
<LI><a href="#[19c]">&gt;&gt;</a>&nbsp;&nbsp;&nbsp;cJSON_strdup
</UL>

<P><STRONG><a name="[1bf]"></a>strcpy</STRONG> (Thumb, 18 bytes, Stack size 0 bytes, strcpy.o(.text))
<BR><BR>[Called By]<UL><LI><a href="#[43]">&gt;&gt;</a>&nbsp;&nbsp;&nbsp;mqtt_app_json
<LI><a href="#[1a5]">&gt;&gt;</a>&nbsp;&nbsp;&nbsp;print_value
<LI><a href="#[1cd]">&gt;&gt;</a>&nbsp;&nbsp;&nbsp;print_string_ptr
<LI><a href="#[1cc]">&gt;&gt;</a>&nbsp;&nbsp;&nbsp;print_object
<LI><a href="#[1c7]">&gt;&gt;</a>&nbsp;&nbsp;&nbsp;print_array
</UL>

<P><STRONG><a name="[194]"></a>strtok</STRONG> (Thumb, 62 bytes, Stack size 16 bytes, strtok.o(.text))
<BR><BR>[Stack]<UL><LI>Max Depth = 16<LI>Call Chain = strtok
</UL>
<BR>[Called By]<UL><LI><a href="#[4f]">&gt;&gt;</a>&nbsp;&nbsp;&nbsp;at_lte_get_status
</UL>

<P><STRONG><a name="[66]"></a>__0sscanf</STRONG> (Thumb, 48 bytes, Stack size 72 bytes, __0sscanf.o(.text))
<BR><BR>[Stack]<UL><LI>Max Depth = 216<LI>Call Chain = __0sscanf &rArr; __vfscanf_char &rArr; __vfscanf &rArr; _scanf_string
</UL>
<BR>[Calls]<UL><LI><a href="#[67]">&gt;&gt;</a>&nbsp;&nbsp;&nbsp;__vfscanf_char
</UL>
<BR>[Called By]<UL><LI><a href="#[4d]">&gt;&gt;</a>&nbsp;&nbsp;&nbsp;lte_tcp_recv
<LI><a href="#[4b]">&gt;&gt;</a>&nbsp;&nbsp;&nbsp;lte_tcp_connect
<LI><a href="#[185]">&gt;&gt;</a>&nbsp;&nbsp;&nbsp;at_agent_get_ip
<LI><a href="#[17f]">&gt;&gt;</a>&nbsp;&nbsp;&nbsp;at_agent_get_connect_status
</UL>

<P><STRONG><a name="[68]"></a>_scanf_int</STRONG> (Thumb, 332 bytes, Stack size 56 bytes, _scanf_int.o(.text))
<BR><BR>[Stack]<UL><LI>Max Depth = 56<LI>Call Chain = _scanf_int
</UL>
<BR>[Calls]<UL><LI><a href="#[69]">&gt;&gt;</a>&nbsp;&nbsp;&nbsp;_chval
</UL>
<BR>[Called By]<UL><LI><a href="#[84]">&gt;&gt;</a>&nbsp;&nbsp;&nbsp;__vfscanf
</UL>

<P><STRONG><a name="[88]"></a>_scanf_string</STRONG> (Thumb, 224 bytes, Stack size 56 bytes, _scanf_str.o(.text))
<BR><BR>[Stack]<UL><LI>Max Depth = 56<LI>Call Chain = _scanf_string
</UL>
<BR>[Called By]<UL><LI><a href="#[84]">&gt;&gt;</a>&nbsp;&nbsp;&nbsp;__vfscanf
</UL>

<P><STRONG><a name="[6a]"></a>atoi</STRONG> (Thumb, 26 bytes, Stack size 16 bytes, atoi.o(.text))
<BR><BR>[Stack]<UL><LI>Max Depth = 88<LI>Call Chain = atoi &rArr; strtol &rArr; _strtoul
</UL>
<BR>[Calls]<UL><LI><a href="#[6c]">&gt;&gt;</a>&nbsp;&nbsp;&nbsp;strtol
<LI><a href="#[6b]">&gt;&gt;</a>&nbsp;&nbsp;&nbsp;__aeabi_errno_addr
</UL>
<BR>[Called By]<UL><LI><a href="#[47]">&gt;&gt;</a>&nbsp;&nbsp;&nbsp;esp8266_tcp_recv
<LI><a href="#[4f]">&gt;&gt;</a>&nbsp;&nbsp;&nbsp;at_lte_get_status
</UL>

<P><STRONG><a name="[6d]"></a>__aeabi_fadd</STRONG> (Thumb, 164 bytes, Stack size 16 bytes, fadd.o(.text))
<BR><BR>[Stack]<UL><LI>Max Depth = 20<LI>Call Chain = __aeabi_fadd &rArr; _float_epilogue
</UL>
<BR>[Calls]<UL><LI><a href="#[6f]">&gt;&gt;</a>&nbsp;&nbsp;&nbsp;_float_round
<LI><a href="#[6e]">&gt;&gt;</a>&nbsp;&nbsp;&nbsp;_float_epilogue
</UL>
<BR>[Called By]<UL><LI><a href="#[71]">&gt;&gt;</a>&nbsp;&nbsp;&nbsp;__aeabi_frsub
<LI><a href="#[70]">&gt;&gt;</a>&nbsp;&nbsp;&nbsp;__aeabi_fsub
<LI><a href="#[160]">&gt;&gt;</a>&nbsp;&nbsp;&nbsp;_CalcInterSectLin
<LI><a href="#[b3]">&gt;&gt;</a>&nbsp;&nbsp;&nbsp;_DispFloatFix
</UL>

<P><STRONG><a name="[70]"></a>__aeabi_fsub</STRONG> (Thumb, 6 bytes, Stack size 0 bytes, fadd.o(.text))
<BR><BR>[Stack]<UL><LI>Max Depth = 20<LI>Call Chain = __aeabi_fsub &rArr; __aeabi_fadd &rArr; _float_epilogue
</UL>
<BR>[Calls]<UL><LI><a href="#[6d]">&gt;&gt;</a>&nbsp;&nbsp;&nbsp;__aeabi_fadd
</UL>
<BR>[Called By]<UL><LI><a href="#[160]">&gt;&gt;</a>&nbsp;&nbsp;&nbsp;_CalcInterSectLin
</UL>

<P><STRONG><a name="[71]"></a>__aeabi_frsub</STRONG> (Thumb, 6 bytes, Stack size 0 bytes, fadd.o(.text), UNUSED)
<BR><BR>[Calls]<UL><LI><a href="#[6d]">&gt;&gt;</a>&nbsp;&nbsp;&nbsp;__aeabi_fadd
</UL>

<P><STRONG><a name="[162]"></a>__aeabi_fmul</STRONG> (Thumb, 100 bytes, Stack size 8 bytes, fmul.o(.text))
<BR><BR>[Stack]<UL><LI>Max Depth = 8<LI>Call Chain = __aeabi_fmul
</UL>
<BR>[Called By]<UL><LI><a href="#[8d]">&gt;&gt;</a>&nbsp;&nbsp;&nbsp;_DrawArc
<LI><a href="#[160]">&gt;&gt;</a>&nbsp;&nbsp;&nbsp;_CalcInterSectLin
<LI><a href="#[b3]">&gt;&gt;</a>&nbsp;&nbsp;&nbsp;_DispFloatFix
</UL>

<P><STRONG><a name="[72]"></a>__aeabi_fdiv</STRONG> (Thumb, 124 bytes, Stack size 8 bytes, fdiv.o(.text))
<BR><BR>[Stack]<UL><LI>Max Depth = 8<LI>Call Chain = __aeabi_fdiv
</UL>
<BR>[Calls]<UL><LI><a href="#[6f]">&gt;&gt;</a>&nbsp;&nbsp;&nbsp;_float_round
</UL>
<BR>[Called By]<UL><LI><a href="#[160]">&gt;&gt;</a>&nbsp;&nbsp;&nbsp;_CalcInterSectLin
</UL>

<P><STRONG><a name="[73]"></a>__aeabi_dadd</STRONG> (Thumb, 322 bytes, Stack size 48 bytes, dadd.o(.text))
<BR><BR>[Stack]<UL><LI>Max Depth = 88<LI>Call Chain = __aeabi_dadd &rArr; _double_epilogue &rArr; _double_round
</UL>
<BR>[Calls]<UL><LI><a href="#[75]">&gt;&gt;</a>&nbsp;&nbsp;&nbsp;__aeabi_lasr
<LI><a href="#[74]">&gt;&gt;</a>&nbsp;&nbsp;&nbsp;__aeabi_llsl
<LI><a href="#[77]">&gt;&gt;</a>&nbsp;&nbsp;&nbsp;_double_round
<LI><a href="#[76]">&gt;&gt;</a>&nbsp;&nbsp;&nbsp;_double_epilogue
</UL>
<BR>[Called By]<UL><LI><a href="#[78]">&gt;&gt;</a>&nbsp;&nbsp;&nbsp;__aeabi_dsub
<LI><a href="#[174]">&gt;&gt;</a>&nbsp;&nbsp;&nbsp;__kernel_sin
<LI><a href="#[171]">&gt;&gt;</a>&nbsp;&nbsp;&nbsp;__ieee754_rem_pio2
<LI><a href="#[173]">&gt;&gt;</a>&nbsp;&nbsp;&nbsp;__kernel_poly
<LI><a href="#[179]">&gt;&gt;</a>&nbsp;&nbsp;&nbsp;_fp_digits
<LI><a href="#[8d]">&gt;&gt;</a>&nbsp;&nbsp;&nbsp;_DrawArc
<LI><a href="#[164]">&gt;&gt;</a>&nbsp;&nbsp;&nbsp;floor
<LI><a href="#[79]">&gt;&gt;</a>&nbsp;&nbsp;&nbsp;__aeabi_drsub
<LI><a href="#[16a]">&gt;&gt;</a>&nbsp;&nbsp;&nbsp;ceil
</UL>

<P><STRONG><a name="[78]"></a>__aeabi_dsub</STRONG> (Thumb, 6 bytes, Stack size 0 bytes, dadd.o(.text))
<BR><BR>[Stack]<UL><LI>Max Depth = 88<LI>Call Chain = __aeabi_dsub &rArr; __aeabi_dadd &rArr; _double_epilogue &rArr; _double_round
</UL>
<BR>[Calls]<UL><LI><a href="#[73]">&gt;&gt;</a>&nbsp;&nbsp;&nbsp;__aeabi_dadd
</UL>
<BR>[Called By]<UL><LI><a href="#[1c9]">&gt;&gt;</a>&nbsp;&nbsp;&nbsp;print_number
<LI><a href="#[174]">&gt;&gt;</a>&nbsp;&nbsp;&nbsp;__kernel_sin
<LI><a href="#[171]">&gt;&gt;</a>&nbsp;&nbsp;&nbsp;__ieee754_rem_pio2
<LI><a href="#[172]">&gt;&gt;</a>&nbsp;&nbsp;&nbsp;__kernel_cos
<LI><a href="#[8d]">&gt;&gt;</a>&nbsp;&nbsp;&nbsp;_DrawArc
</UL>

<P><STRONG><a name="[79]"></a>__aeabi_drsub</STRONG> (Thumb, 6 bytes, Stack size 0 bytes, dadd.o(.text))
<BR><BR>[Stack]<UL><LI>Max Depth = 88<LI>Call Chain = __aeabi_drsub &rArr; __aeabi_dadd &rArr; _double_epilogue &rArr; _double_round
</UL>
<BR>[Calls]<UL><LI><a href="#[73]">&gt;&gt;</a>&nbsp;&nbsp;&nbsp;__aeabi_dadd
</UL>
<BR>[Called By]<UL><LI><a href="#[174]">&gt;&gt;</a>&nbsp;&nbsp;&nbsp;__kernel_sin
<LI><a href="#[171]">&gt;&gt;</a>&nbsp;&nbsp;&nbsp;__ieee754_rem_pio2
<LI><a href="#[172]">&gt;&gt;</a>&nbsp;&nbsp;&nbsp;__kernel_cos
<LI><a href="#[164]">&gt;&gt;</a>&nbsp;&nbsp;&nbsp;floor
<LI><a href="#[16a]">&gt;&gt;</a>&nbsp;&nbsp;&nbsp;ceil
</UL>

<P><STRONG><a name="[7a]"></a>__aeabi_dmul</STRONG> (Thumb, 228 bytes, Stack size 48 bytes, dmul.o(.text))
<BR><BR>[Stack]<UL><LI>Max Depth = 88<LI>Call Chain = __aeabi_dmul &rArr; _double_epilogue &rArr; _double_round
</UL>
<BR>[Calls]<UL><LI><a href="#[76]">&gt;&gt;</a>&nbsp;&nbsp;&nbsp;_double_epilogue
</UL>
<BR>[Called By]<UL><LI><a href="#[174]">&gt;&gt;</a>&nbsp;&nbsp;&nbsp;__kernel_sin
<LI><a href="#[171]">&gt;&gt;</a>&nbsp;&nbsp;&nbsp;__ieee754_rem_pio2
<LI><a href="#[173]">&gt;&gt;</a>&nbsp;&nbsp;&nbsp;__kernel_poly
<LI><a href="#[172]">&gt;&gt;</a>&nbsp;&nbsp;&nbsp;__kernel_cos
<LI><a href="#[179]">&gt;&gt;</a>&nbsp;&nbsp;&nbsp;_fp_digits
<LI><a href="#[8d]">&gt;&gt;</a>&nbsp;&nbsp;&nbsp;_DrawArc
</UL>

<P><STRONG><a name="[7b]"></a>__aeabi_ddiv</STRONG> (Thumb, 222 bytes, Stack size 32 bytes, ddiv.o(.text))
<BR><BR>[Stack]<UL><LI>Max Depth = 40<LI>Call Chain = __aeabi_ddiv &rArr; _double_round
</UL>
<BR>[Calls]<UL><LI><a href="#[77]">&gt;&gt;</a>&nbsp;&nbsp;&nbsp;_double_round
</UL>
<BR>[Called By]<UL><LI><a href="#[199]">&gt;&gt;</a>&nbsp;&nbsp;&nbsp;bh1750_read
<LI><a href="#[178]">&gt;&gt;</a>&nbsp;&nbsp;&nbsp;__mathlib_dbl_invalid
<LI><a href="#[179]">&gt;&gt;</a>&nbsp;&nbsp;&nbsp;_fp_digits
<LI><a href="#[8d]">&gt;&gt;</a>&nbsp;&nbsp;&nbsp;_DrawArc
</UL>

<P><STRONG><a name="[166]"></a>__ARM_scalbn</STRONG> (Thumb, 46 bytes, Stack size 16 bytes, dscalb.o(.text))
<BR><BR>[Stack]<UL><LI>Max Depth = 16<LI>Call Chain = __ARM_scalbn
</UL>
<BR>[Called By]<UL><LI><a href="#[174]">&gt;&gt;</a>&nbsp;&nbsp;&nbsp;__kernel_sin
<LI><a href="#[171]">&gt;&gt;</a>&nbsp;&nbsp;&nbsp;__ieee754_rem_pio2
<LI><a href="#[176]">&gt;&gt;</a>&nbsp;&nbsp;&nbsp;__mathlib_dbl_underflow
<LI><a href="#[177]">&gt;&gt;</a>&nbsp;&nbsp;&nbsp;__mathlib_dbl_infnan
<LI><a href="#[172]">&gt;&gt;</a>&nbsp;&nbsp;&nbsp;__kernel_cos
<LI><a href="#[8d]">&gt;&gt;</a>&nbsp;&nbsp;&nbsp;_DrawArc
</UL>

<P><STRONG><a name="[1e5]"></a>scalbn</STRONG> (Thumb, 0 bytes, Stack size 16 bytes, dscalb.o(.text), UNUSED)

<P><STRONG><a name="[7c]"></a>__aeabi_i2f</STRONG> (Thumb, 18 bytes, Stack size 0 bytes, fflti.o(.text))
<BR><BR>[Stack]<UL><LI>Max Depth = 4<LI>Call Chain = __aeabi_i2f &rArr; _float_epilogue
</UL>
<BR>[Calls]<UL><LI><a href="#[6e]">&gt;&gt;</a>&nbsp;&nbsp;&nbsp;_float_epilogue
</UL>
<BR>[Called By]<UL><LI><a href="#[1bc]">&gt;&gt;</a>&nbsp;&nbsp;&nbsp;mqtt_app_publish
<LI><a href="#[8d]">&gt;&gt;</a>&nbsp;&nbsp;&nbsp;_DrawArc
</UL>

<P><STRONG><a name="[7d]"></a>__aeabi_ui2f</STRONG> (Thumb, 10 bytes, Stack size 0 bytes, ffltui.o(.text))
<BR><BR>[Stack]<UL><LI>Max Depth = 4<LI>Call Chain = __aeabi_ui2f &rArr; _float_epilogue
</UL>
<BR>[Calls]<UL><LI><a href="#[6e]">&gt;&gt;</a>&nbsp;&nbsp;&nbsp;_float_epilogue
</UL>
<BR>[Called By]<UL><LI><a href="#[b3]">&gt;&gt;</a>&nbsp;&nbsp;&nbsp;_DispFloatFix
</UL>

<P><STRONG><a name="[7e]"></a>__aeabi_i2d</STRONG> (Thumb, 34 bytes, Stack size 16 bytes, dflti.o(.text))
<BR><BR>[Stack]<UL><LI>Max Depth = 56<LI>Call Chain = __aeabi_i2d &rArr; _double_epilogue &rArr; _double_round
</UL>
<BR>[Calls]<UL><LI><a href="#[76]">&gt;&gt;</a>&nbsp;&nbsp;&nbsp;_double_epilogue
</UL>
<BR>[Called By]<UL><LI><a href="#[1c9]">&gt;&gt;</a>&nbsp;&nbsp;&nbsp;print_number
<LI><a href="#[171]">&gt;&gt;</a>&nbsp;&nbsp;&nbsp;__ieee754_rem_pio2
<LI><a href="#[8d]">&gt;&gt;</a>&nbsp;&nbsp;&nbsp;_DrawArc
</UL>

<P><STRONG><a name="[7f]"></a>__aeabi_ui2d</STRONG> (Thumb, 26 bytes, Stack size 16 bytes, dfltui.o(.text))
<BR><BR>[Stack]<UL><LI>Max Depth = 56<LI>Call Chain = __aeabi_ui2d &rArr; _double_epilogue &rArr; _double_round
</UL>
<BR>[Calls]<UL><LI><a href="#[76]">&gt;&gt;</a>&nbsp;&nbsp;&nbsp;_double_epilogue
</UL>
<BR>[Called By]<UL><LI><a href="#[199]">&gt;&gt;</a>&nbsp;&nbsp;&nbsp;bh1750_read
<LI><a href="#[171]">&gt;&gt;</a>&nbsp;&nbsp;&nbsp;__ieee754_rem_pio2
<LI><a href="#[8d]">&gt;&gt;</a>&nbsp;&nbsp;&nbsp;_DrawArc
</UL>

<P><STRONG><a name="[b2]"></a>__aeabi_f2iz</STRONG> (Thumb, 50 bytes, Stack size 0 bytes, ffixi.o(.text))
<BR><BR>[Called By]<UL><LI><a href="#[b1]">&gt;&gt;</a>&nbsp;&nbsp;&nbsp;GUI_DispFloat
<LI><a href="#[8d]">&gt;&gt;</a>&nbsp;&nbsp;&nbsp;_DrawArc
<LI><a href="#[b3]">&gt;&gt;</a>&nbsp;&nbsp;&nbsp;_DispFloatFix
</UL>

<P><STRONG><a name="[169]"></a>__aeabi_f2uiz</STRONG> (Thumb, 40 bytes, Stack size 0 bytes, ffixui.o(.text))
<BR><BR>[Called By]<UL><LI><a href="#[8d]">&gt;&gt;</a>&nbsp;&nbsp;&nbsp;_DrawArc
</UL>

<P><STRONG><a name="[80]"></a>__aeabi_d2iz</STRONG> (Thumb, 62 bytes, Stack size 16 bytes, dfixi.o(.text))
<BR><BR>[Stack]<UL><LI>Max Depth = 16<LI>Call Chain = __aeabi_d2iz
</UL>
<BR>[Calls]<UL><LI><a href="#[81]">&gt;&gt;</a>&nbsp;&nbsp;&nbsp;__aeabi_llsr
</UL>
<BR>[Called By]<UL><LI><a href="#[1a0]">&gt;&gt;</a>&nbsp;&nbsp;&nbsp;cJSON_CreateNumber
<LI><a href="#[171]">&gt;&gt;</a>&nbsp;&nbsp;&nbsp;__ieee754_rem_pio2
<LI><a href="#[172]">&gt;&gt;</a>&nbsp;&nbsp;&nbsp;__kernel_cos
<LI><a href="#[8d]">&gt;&gt;</a>&nbsp;&nbsp;&nbsp;_DrawArc
</UL>

<P><STRONG><a name="[163]"></a>__aeabi_f2d</STRONG> (Thumb, 38 bytes, Stack size 0 bytes, f2d.o(.text))
<BR><BR>[Called By]<UL><LI><a href="#[1bc]">&gt;&gt;</a>&nbsp;&nbsp;&nbsp;mqtt_app_publish
<LI><a href="#[8d]">&gt;&gt;</a>&nbsp;&nbsp;&nbsp;_DrawArc
<LI><a href="#[b3]">&gt;&gt;</a>&nbsp;&nbsp;&nbsp;_DispFloatFix
</UL>

<P><STRONG><a name="[1ca]"></a>__aeabi_cdcmpeq</STRONG> (Thumb, 0 bytes, Stack size 0 bytes, cdcmple.o(.text))
<BR><BR>[Called By]<UL><LI><a href="#[1c9]">&gt;&gt;</a>&nbsp;&nbsp;&nbsp;print_number
</UL>

<P><STRONG><a name="[1cb]"></a>__aeabi_cdcmple</STRONG> (Thumb, 48 bytes, Stack size 0 bytes, cdcmple.o(.text))
<BR><BR>[Called By]<UL><LI><a href="#[1c9]">&gt;&gt;</a>&nbsp;&nbsp;&nbsp;print_number
</UL>

<P><STRONG><a name="[17a]"></a>__aeabi_cdrcmple</STRONG> (Thumb, 48 bytes, Stack size 0 bytes, cdrcmple.o(.text))
<BR><BR>[Called By]<UL><LI><a href="#[1c9]">&gt;&gt;</a>&nbsp;&nbsp;&nbsp;print_number
<LI><a href="#[179]">&gt;&gt;</a>&nbsp;&nbsp;&nbsp;_fp_digits
<LI><a href="#[164]">&gt;&gt;</a>&nbsp;&nbsp;&nbsp;floor
<LI><a href="#[16a]">&gt;&gt;</a>&nbsp;&nbsp;&nbsp;ceil
</UL>

<P><STRONG><a name="[82]"></a>__aeabi_d2f</STRONG> (Thumb, 56 bytes, Stack size 8 bytes, d2f.o(.text))
<BR><BR>[Stack]<UL><LI>Max Depth = 8<LI>Call Chain = __aeabi_d2f
</UL>
<BR>[Calls]<UL><LI><a href="#[6f]">&gt;&gt;</a>&nbsp;&nbsp;&nbsp;_float_round
</UL>
<BR>[Called By]<UL><LI><a href="#[199]">&gt;&gt;</a>&nbsp;&nbsp;&nbsp;bh1750_read
<LI><a href="#[8d]">&gt;&gt;</a>&nbsp;&nbsp;&nbsp;_DrawArc
<LI><a href="#[b3]">&gt;&gt;</a>&nbsp;&nbsp;&nbsp;_DispFloatFix
</UL>

<P><STRONG><a name="[161]"></a>__aeabi_cfcmpeq</STRONG> (Thumb, 0 bytes, Stack size 0 bytes, cfcmple.o(.text))
<BR><BR>[Called By]<UL><LI><a href="#[160]">&gt;&gt;</a>&nbsp;&nbsp;&nbsp;_CalcInterSectLin
</UL>

<P><STRONG><a name="[16c]"></a>__aeabi_cfcmple</STRONG> (Thumb, 20 bytes, Stack size 0 bytes, cfcmple.o(.text))
<BR><BR>[Called By]<UL><LI><a href="#[8d]">&gt;&gt;</a>&nbsp;&nbsp;&nbsp;_DrawArc
</UL>

<P><STRONG><a name="[16d]"></a>__aeabi_cfrcmple</STRONG> (Thumb, 20 bytes, Stack size 0 bytes, cfrcmple.o(.text))
<BR><BR>[Called By]<UL><LI><a href="#[8d]">&gt;&gt;</a>&nbsp;&nbsp;&nbsp;_DrawArc
</UL>

<P><STRONG><a name="[1e6]"></a>__aeabi_uidiv</STRONG> (Thumb, 0 bytes, Stack size 12 bytes, uidiv.o(.text), UNUSED)

<P><STRONG><a name="[17e]"></a>__aeabi_uidivmod</STRONG> (Thumb, 44 bytes, Stack size 12 bytes, uidiv.o(.text), UNUSED)
<BR><BR>[Called By]<UL><LI><a href="#[16f]">&gt;&gt;</a>&nbsp;&nbsp;&nbsp;_printf_core
</UL>

<P><STRONG><a name="[83]"></a>__aeabi_uldivmod</STRONG> (Thumb, 98 bytes, Stack size 40 bytes, uldiv.o(.text), UNUSED)
<BR><BR>[Calls]<UL><LI><a href="#[74]">&gt;&gt;</a>&nbsp;&nbsp;&nbsp;__aeabi_llsl
<LI><a href="#[81]">&gt;&gt;</a>&nbsp;&nbsp;&nbsp;__aeabi_llsr
</UL>
<BR>[Called By]<UL><LI><a href="#[16f]">&gt;&gt;</a>&nbsp;&nbsp;&nbsp;_printf_core
<LI><a href="#[179]">&gt;&gt;</a>&nbsp;&nbsp;&nbsp;_fp_digits
</UL>

<P><STRONG><a name="[74]"></a>__aeabi_llsl</STRONG> (Thumb, 30 bytes, Stack size 0 bytes, llshl.o(.text))
<BR><BR>[Called By]<UL><LI><a href="#[73]">&gt;&gt;</a>&nbsp;&nbsp;&nbsp;__aeabi_dadd
<LI><a href="#[83]">&gt;&gt;</a>&nbsp;&nbsp;&nbsp;__aeabi_uldivmod
<LI><a href="#[76]">&gt;&gt;</a>&nbsp;&nbsp;&nbsp;_double_epilogue
<LI><a href="#[86]">&gt;&gt;</a>&nbsp;&nbsp;&nbsp;__aeabi_d2ulz
</UL>

<P><STRONG><a name="[1e7]"></a>_ll_shift_l</STRONG> (Thumb, 0 bytes, Stack size 0 bytes, llshl.o(.text), UNUSED)

<P><STRONG><a name="[75]"></a>__aeabi_lasr</STRONG> (Thumb, 36 bytes, Stack size 0 bytes, llsshr.o(.text))
<BR><BR>[Called By]<UL><LI><a href="#[73]">&gt;&gt;</a>&nbsp;&nbsp;&nbsp;__aeabi_dadd
</UL>

<P><STRONG><a name="[1e8]"></a>_ll_sshift_r</STRONG> (Thumb, 0 bytes, Stack size 0 bytes, llsshr.o(.text), UNUSED)

<P><STRONG><a name="[69]"></a>_chval</STRONG> (Thumb, 28 bytes, Stack size 0 bytes, _chval.o(.text))
<BR><BR>[Called By]<UL><LI><a href="#[85]">&gt;&gt;</a>&nbsp;&nbsp;&nbsp;_strtoul
<LI><a href="#[68]">&gt;&gt;</a>&nbsp;&nbsp;&nbsp;_scanf_int
</UL>

<P><STRONG><a name="[67]"></a>__vfscanf_char</STRONG> (Thumb, 20 bytes, Stack size 0 bytes, scanf_char.o(.text))
<BR><BR>[Stack]<UL><LI>Max Depth = 144<LI>Call Chain = __vfscanf_char &rArr; __vfscanf &rArr; _scanf_string
</UL>
<BR>[Calls]<UL><LI><a href="#[84]">&gt;&gt;</a>&nbsp;&nbsp;&nbsp;__vfscanf
</UL>
<BR>[Called By]<UL><LI><a href="#[66]">&gt;&gt;</a>&nbsp;&nbsp;&nbsp;__0sscanf
</UL>

<P><STRONG><a name="[38]"></a>_sgetc</STRONG> (Thumb, 30 bytes, Stack size 0 bytes, _sgetc.o(.text))
<BR>[Address Reference Count : 1]<UL><LI> __0sscanf.o(.text)
</UL>
<P><STRONG><a name="[39]"></a>_sbackspace</STRONG> (Thumb, 34 bytes, Stack size 0 bytes, _sgetc.o(.text))
<BR>[Address Reference Count : 1]<UL><LI> __0sscanf.o(.text)
</UL>
<P><STRONG><a name="[6c]"></a>strtol</STRONG> (Thumb, 112 bytes, Stack size 32 bytes, strtol.o(.text))
<BR><BR>[Stack]<UL><LI>Max Depth = 72<LI>Call Chain = strtol &rArr; _strtoul
</UL>
<BR>[Calls]<UL><LI><a href="#[85]">&gt;&gt;</a>&nbsp;&nbsp;&nbsp;_strtoul
<LI><a href="#[6b]">&gt;&gt;</a>&nbsp;&nbsp;&nbsp;__aeabi_errno_addr
<LI><a href="#[62]">&gt;&gt;</a>&nbsp;&nbsp;&nbsp;__rt_ctype_table
</UL>
<BR>[Called By]<UL><LI><a href="#[6a]">&gt;&gt;</a>&nbsp;&nbsp;&nbsp;atoi
</UL>

<P><STRONG><a name="[1e9]"></a>__I$use$fp</STRONG> (Thumb, 0 bytes, Stack size 0 bytes, iusefp.o(.text), UNUSED)

<P><STRONG><a name="[6f]"></a>_float_round</STRONG> (Thumb, 18 bytes, Stack size 0 bytes, fepilogue.o(.text))
<BR><BR>[Called By]<UL><LI><a href="#[82]">&gt;&gt;</a>&nbsp;&nbsp;&nbsp;__aeabi_d2f
<LI><a href="#[72]">&gt;&gt;</a>&nbsp;&nbsp;&nbsp;__aeabi_fdiv
<LI><a href="#[6d]">&gt;&gt;</a>&nbsp;&nbsp;&nbsp;__aeabi_fadd
</UL>

<P><STRONG><a name="[6e]"></a>_float_epilogue</STRONG> (Thumb, 92 bytes, Stack size 4 bytes, fepilogue.o(.text))
<BR><BR>[Stack]<UL><LI>Max Depth = 4<LI>Call Chain = _float_epilogue
</UL>
<BR>[Called By]<UL><LI><a href="#[7c]">&gt;&gt;</a>&nbsp;&nbsp;&nbsp;__aeabi_i2f
<LI><a href="#[6d]">&gt;&gt;</a>&nbsp;&nbsp;&nbsp;__aeabi_fadd
<LI><a href="#[7d]">&gt;&gt;</a>&nbsp;&nbsp;&nbsp;__aeabi_ui2f
</UL>

<P><STRONG><a name="[77]"></a>_double_round</STRONG> (Thumb, 30 bytes, Stack size 8 bytes, depilogue.o(.text))
<BR><BR>[Stack]<UL><LI>Max Depth = 8<LI>Call Chain = _double_round
</UL>
<BR>[Called By]<UL><LI><a href="#[7b]">&gt;&gt;</a>&nbsp;&nbsp;&nbsp;__aeabi_ddiv
<LI><a href="#[73]">&gt;&gt;</a>&nbsp;&nbsp;&nbsp;__aeabi_dadd
<LI><a href="#[76]">&gt;&gt;</a>&nbsp;&nbsp;&nbsp;_double_epilogue
</UL>

<P><STRONG><a name="[76]"></a>_double_epilogue</STRONG> (Thumb, 156 bytes, Stack size 32 bytes, depilogue.o(.text))
<BR><BR>[Stack]<UL><LI>Max Depth = 40<LI>Call Chain = _double_epilogue &rArr; _double_round
</UL>
<BR>[Calls]<UL><LI><a href="#[74]">&gt;&gt;</a>&nbsp;&nbsp;&nbsp;__aeabi_llsl
<LI><a href="#[77]">&gt;&gt;</a>&nbsp;&nbsp;&nbsp;_double_round
<LI><a href="#[81]">&gt;&gt;</a>&nbsp;&nbsp;&nbsp;__aeabi_llsr
</UL>
<BR>[Called By]<UL><LI><a href="#[7f]">&gt;&gt;</a>&nbsp;&nbsp;&nbsp;__aeabi_ui2d
<LI><a href="#[7e]">&gt;&gt;</a>&nbsp;&nbsp;&nbsp;__aeabi_i2d
<LI><a href="#[7a]">&gt;&gt;</a>&nbsp;&nbsp;&nbsp;__aeabi_dmul
<LI><a href="#[73]">&gt;&gt;</a>&nbsp;&nbsp;&nbsp;__aeabi_dadd
</UL>

<P><STRONG><a name="[86]"></a>__aeabi_d2ulz</STRONG> (Thumb, 48 bytes, Stack size 0 bytes, dfixul.o(.text), UNUSED)
<BR><BR>[Calls]<UL><LI><a href="#[74]">&gt;&gt;</a>&nbsp;&nbsp;&nbsp;__aeabi_llsl
<LI><a href="#[81]">&gt;&gt;</a>&nbsp;&nbsp;&nbsp;__aeabi_llsr
</UL>
<BR>[Called By]<UL><LI><a href="#[179]">&gt;&gt;</a>&nbsp;&nbsp;&nbsp;_fp_digits
</UL>

<P><STRONG><a name="[61]"></a>__scatterload</STRONG> (Thumb, 28 bytes, Stack size 0 bytes, init.o(.text))
<BR><BR>[Calls]<UL><LI><a href="#[87]">&gt;&gt;</a>&nbsp;&nbsp;&nbsp;__main_after_scatterload
</UL>
<BR>[Called By]<UL><LI><a href="#[60]">&gt;&gt;</a>&nbsp;&nbsp;&nbsp;_main_scatterload
</UL>

<P><STRONG><a name="[1ea]"></a>__scatterload_rt2</STRONG> (Thumb, 0 bytes, Stack size 0 bytes, init.o(.text), UNUSED)

<P><STRONG><a name="[84]"></a>__vfscanf</STRONG> (Thumb, 810 bytes, Stack size 88 bytes, _scanf.o(.text))
<BR><BR>[Stack]<UL><LI>Max Depth = 144<LI>Call Chain = __vfscanf &rArr; _scanf_string
</UL>
<BR>[Calls]<UL><LI><a href="#[88]">&gt;&gt;</a>&nbsp;&nbsp;&nbsp;_scanf_string
<LI><a href="#[68]">&gt;&gt;</a>&nbsp;&nbsp;&nbsp;_scanf_int
</UL>
<BR>[Called By]<UL><LI><a href="#[67]">&gt;&gt;</a>&nbsp;&nbsp;&nbsp;__vfscanf_char
</UL>

<P><STRONG><a name="[85]"></a>_strtoul</STRONG> (Thumb, 158 bytes, Stack size 40 bytes, _strtoul.o(.text))
<BR><BR>[Stack]<UL><LI>Max Depth = 40<LI>Call Chain = _strtoul
</UL>
<BR>[Calls]<UL><LI><a href="#[69]">&gt;&gt;</a>&nbsp;&nbsp;&nbsp;_chval
<LI><a href="#[6b]">&gt;&gt;</a>&nbsp;&nbsp;&nbsp;__aeabi_errno_addr
</UL>
<BR>[Called By]<UL><LI><a href="#[6c]">&gt;&gt;</a>&nbsp;&nbsp;&nbsp;strtol
</UL>

<P><STRONG><a name="[4]"></a>BusFault_Handler</STRONG> (Thumb, 2 bytes, Stack size 0 bytes, stm32f1xx_it.o(i.BusFault_Handler))
<BR><BR>[Calls]<UL><LI><a href="#[4]">&gt;&gt;</a>&nbsp;&nbsp;&nbsp;BusFault_Handler
</UL>
<BR>[Called By]<UL><LI><a href="#[4]">&gt;&gt;</a>&nbsp;&nbsp;&nbsp;BusFault_Handler
</UL>
<BR>[Address Reference Count : 1]<UL><LI> startup_stm32f103xb.o(RESET)
</UL>
<P><STRONG><a name="[19]"></a>DMA1_Channel5_IRQHandler</STRONG> (Thumb, 6 bytes, Stack size 0 bytes, stm32f1xx_it.o(i.DMA1_Channel5_IRQHandler))
<BR><BR>[Stack]<UL><LI>Max Depth = 40<LI>Call Chain = DMA1_Channel5_IRQHandler &rArr; HAL_DMA_IRQHandler
</UL>
<BR>[Calls]<UL><LI><a href="#[89]">&gt;&gt;</a>&nbsp;&nbsp;&nbsp;HAL_DMA_IRQHandler
</UL>
<BR>[Address Reference Count : 1]<UL><LI> startup_stm32f103xb.o(RESET)
</UL>
<P><STRONG><a name="[7]"></a>DebugMon_Handler</STRONG> (Thumb, 2 bytes, Stack size 0 bytes, stm32f1xx_it.o(i.DebugMon_Handler))
<BR>[Address Reference Count : 1]<UL><LI> startup_stm32f103xb.o(RESET)
</UL>
<P><STRONG><a name="[dd]"></a>Error_Handler</STRONG> (Thumb, 2 bytes, Stack size 0 bytes, main.o(i.Error_Handler))
<BR><BR>[Called By]<UL><LI><a href="#[144]">&gt;&gt;</a>&nbsp;&nbsp;&nbsp;MX_SPI2_Init
<LI><a href="#[da]">&gt;&gt;</a>&nbsp;&nbsp;&nbsp;HAL_SPI_MspInit
<LI><a href="#[149]">&gt;&gt;</a>&nbsp;&nbsp;&nbsp;MX_USART3_UART_Init
<LI><a href="#[148]">&gt;&gt;</a>&nbsp;&nbsp;&nbsp;MX_USART2_UART_Init
<LI><a href="#[147]">&gt;&gt;</a>&nbsp;&nbsp;&nbsp;MX_USART1_UART_Init
<LI><a href="#[145]">&gt;&gt;</a>&nbsp;&nbsp;&nbsp;MX_TIM3_Init
<LI><a href="#[143]">&gt;&gt;</a>&nbsp;&nbsp;&nbsp;MX_SPI1_Init
</UL>

<P><STRONG><a name="[8c]"></a>GL_DrawArc</STRONG> (Thumb, 260 bytes, Stack size 56 bytes, guiarc.o(i.GL_DrawArc))
<BR><BR>[Stack]<UL><LI>Max Depth = 392<LI>Call Chain = GL_DrawArc &rArr; _DrawArc &rArr; sin &rArr; __ieee754_rem_pio2 &rArr; __aeabi_dsub &rArr; __aeabi_dadd &rArr; _double_epilogue &rArr; _double_round
</UL>
<BR>[Calls]<UL><LI><a href="#[8d]">&gt;&gt;</a>&nbsp;&nbsp;&nbsp;_DrawArc
</UL>
<BR>[Called By]<UL><LI><a href="#[bb]">&gt;&gt;</a>&nbsp;&nbsp;&nbsp;GUI_DrawArc
</UL>

<P><STRONG><a name="[8e]"></a>GL_DrawLine</STRONG> (Thumb, 258 bytes, Stack size 48 bytes, gui2dlib.o(i.GL_DrawLine))
<BR><BR>[Stack]<UL><LI>Max Depth = 312<LI>Call Chain = GL_DrawLine &rArr; GL_DrawLine1 &rArr; GL_DrawPoint &rArr; GL_FillCircle &rArr; LCD_DrawHLine &rArr; LCD_L0_DrawHLine &rArr; LCD_L0_XorPixel &rArr; LCD_L0_SetPixelIndex &rArr; LCD_DrawPoint &rArr; LCD_Address_Set &rArr; LCD_WR_REG &rArr; LCD_Writ_Bus &rArr; HAL_SPI_Transmit &rArr; SPI_EndRxTxTransaction &rArr; SPI_WaitFlagStateUntilTimeout
</UL>
<BR>[Calls]<UL><LI><a href="#[93]">&gt;&gt;</a>&nbsp;&nbsp;&nbsp;GL_FillPolygon
<LI><a href="#[91]">&gt;&gt;</a>&nbsp;&nbsp;&nbsp;GUI_sin
<LI><a href="#[90]">&gt;&gt;</a>&nbsp;&nbsp;&nbsp;GUI_cos
<LI><a href="#[92]">&gt;&gt;</a>&nbsp;&nbsp;&nbsp;GL_DrawLine1
<LI><a href="#[8f]">&gt;&gt;</a>&nbsp;&nbsp;&nbsp;_atan2
<LI><a href="#[94]">&gt;&gt;</a>&nbsp;&nbsp;&nbsp;_DrawLineEnd
</UL>
<BR>[Called By]<UL><LI><a href="#[bc]">&gt;&gt;</a>&nbsp;&nbsp;&nbsp;GUI_DrawLine
</UL>

<P><STRONG><a name="[92]"></a>GL_DrawLine1</STRONG> (Thumb, 214 bytes, Stack size 40 bytes, gui2dlib.o(i.GL_DrawLine1))
<BR><BR>[Stack]<UL><LI>Max Depth = 264<LI>Call Chain = GL_DrawLine1 &rArr; GL_DrawPoint &rArr; GL_FillCircle &rArr; LCD_DrawHLine &rArr; LCD_L0_DrawHLine &rArr; LCD_L0_XorPixel &rArr; LCD_L0_SetPixelIndex &rArr; LCD_DrawPoint &rArr; LCD_Address_Set &rArr; LCD_WR_REG &rArr; LCD_Writ_Bus &rArr; HAL_SPI_Transmit &rArr; SPI_EndRxTxTransaction &rArr; SPI_WaitFlagStateUntilTimeout
</UL>
<BR>[Calls]<UL><LI><a href="#[97]">&gt;&gt;</a>&nbsp;&nbsp;&nbsp;LCD_DrawPixel
<LI><a href="#[96]">&gt;&gt;</a>&nbsp;&nbsp;&nbsp;GL_DrawPoint
<LI><a href="#[98]">&gt;&gt;</a>&nbsp;&nbsp;&nbsp;_SetLineColor
<LI><a href="#[95]">&gt;&gt;</a>&nbsp;&nbsp;&nbsp;Abs
</UL>
<BR>[Called By]<UL><LI><a href="#[8e]">&gt;&gt;</a>&nbsp;&nbsp;&nbsp;GL_DrawLine
</UL>

<P><STRONG><a name="[96]"></a>GL_DrawPoint</STRONG> (Thumb, 24 bytes, Stack size 0 bytes, gui2dlib.o(i.GL_DrawPoint))
<BR><BR>[Stack]<UL><LI>Max Depth = 224<LI>Call Chain = GL_DrawPoint &rArr; GL_FillCircle &rArr; LCD_DrawHLine &rArr; LCD_L0_DrawHLine &rArr; LCD_L0_XorPixel &rArr; LCD_L0_SetPixelIndex &rArr; LCD_DrawPoint &rArr; LCD_Address_Set &rArr; LCD_WR_REG &rArr; LCD_Writ_Bus &rArr; HAL_SPI_Transmit &rArr; SPI_EndRxTxTransaction &rArr; SPI_WaitFlagStateUntilTimeout
</UL>
<BR>[Calls]<UL><LI><a href="#[97]">&gt;&gt;</a>&nbsp;&nbsp;&nbsp;LCD_DrawPixel
<LI><a href="#[99]">&gt;&gt;</a>&nbsp;&nbsp;&nbsp;GL_FillCircle
</UL>
<BR>[Called By]<UL><LI><a href="#[92]">&gt;&gt;</a>&nbsp;&nbsp;&nbsp;GL_DrawLine1
<LI><a href="#[94]">&gt;&gt;</a>&nbsp;&nbsp;&nbsp;_DrawLineEnd
</UL>

<P><STRONG><a name="[99]"></a>GL_FillCircle</STRONG> (Thumb, 142 bytes, Stack size 40 bytes, guicirc.o(i.GL_FillCircle))
<BR><BR>[Stack]<UL><LI>Max Depth = 224<LI>Call Chain = GL_FillCircle &rArr; LCD_DrawHLine &rArr; LCD_L0_DrawHLine &rArr; LCD_L0_XorPixel &rArr; LCD_L0_SetPixelIndex &rArr; LCD_DrawPoint &rArr; LCD_Address_Set &rArr; LCD_WR_REG &rArr; LCD_Writ_Bus &rArr; HAL_SPI_Transmit &rArr; SPI_EndRxTxTransaction &rArr; SPI_WaitFlagStateUntilTimeout
</UL>
<BR>[Calls]<UL><LI><a href="#[9a]">&gt;&gt;</a>&nbsp;&nbsp;&nbsp;LCD_DrawHLine
</UL>
<BR>[Called By]<UL><LI><a href="#[96]">&gt;&gt;</a>&nbsp;&nbsp;&nbsp;GL_DrawPoint
</UL>

<P><STRONG><a name="[93]"></a>GL_FillPolygon</STRONG> (Thumb, 424 bytes, Stack size 48 bytes, gui_fillpolygon.o(i.GL_FillPolygon))
<BR><BR>[Stack]<UL><LI>Max Depth = 232<LI>Call Chain = GL_FillPolygon &rArr; LCD_DrawHLine &rArr; LCD_L0_DrawHLine &rArr; LCD_L0_XorPixel &rArr; LCD_L0_SetPixelIndex &rArr; LCD_DrawPoint &rArr; LCD_Address_Set &rArr; LCD_WR_REG &rArr; LCD_Writ_Bus &rArr; HAL_SPI_Transmit &rArr; SPI_EndRxTxTransaction &rArr; SPI_WaitFlagStateUntilTimeout
</UL>
<BR>[Calls]<UL><LI><a href="#[9a]">&gt;&gt;</a>&nbsp;&nbsp;&nbsp;LCD_DrawHLine
<LI><a href="#[9b]">&gt;&gt;</a>&nbsp;&nbsp;&nbsp;_Add
</UL>
<BR>[Called By]<UL><LI><a href="#[8e]">&gt;&gt;</a>&nbsp;&nbsp;&nbsp;GL_DrawLine
</UL>

<P><STRONG><a name="[50]"></a>GUIMONO_DispChar</STRONG> (Thumb, 304 bytes, Stack size 80 bytes, guicharm.o(i.GUIMONO_DispChar))
<BR><BR>[Stack]<UL><LI>Max Depth = 400<LI>Call Chain = GUIMONO_DispChar &rArr; LCD_DrawBitmap &rArr; LCD_L0_DrawBitmap &rArr; _DrawBitLine4BPP &rArr; LCD_L0_SetPixelIndex &rArr; LCD_DrawPoint &rArr; LCD_Address_Set &rArr; LCD_WR_REG &rArr; LCD_Writ_Bus &rArr; HAL_SPI_Transmit &rArr; SPI_EndRxTxTransaction &rArr; SPI_WaitFlagStateUntilTimeout
</UL>
<BR>[Calls]<UL><LI><a href="#[9c]">&gt;&gt;</a>&nbsp;&nbsp;&nbsp;LCD_SetDrawMode
<LI><a href="#[9e]">&gt;&gt;</a>&nbsp;&nbsp;&nbsp;LCD_FillRect
<LI><a href="#[9d]">&gt;&gt;</a>&nbsp;&nbsp;&nbsp;LCD_DrawBitmap
</UL>
<BR>[Address Reference Count : 2]<UL><LI> f6x8.o(.constdata)
<LI> f8x16.o(.constdata)
</UL>
<P><STRONG><a name="[51]"></a>GUIMONO_GetCharDistX</STRONG> (Thumb, 14 bytes, Stack size 0 bytes, guicharm.o(i.GUIMONO_GetCharDistX))
<BR>[Address Reference Count : 2]<UL><LI> f6x8.o(.constdata)
<LI> f8x16.o(.constdata)
</UL>
<P><STRONG><a name="[52]"></a>GUIMONO_GetFontInfo</STRONG> (Thumb, 6 bytes, Stack size 0 bytes, guicharm.o(i.GUIMONO_GetFontInfo))
<BR>[Address Reference Count : 2]<UL><LI> f6x8.o(.constdata)
<LI> f8x16.o(.constdata)
</UL>
<P><STRONG><a name="[53]"></a>GUIMONO_IsInFont</STRONG> (Thumb, 38 bytes, Stack size 0 bytes, guicharm.o(i.GUIMONO_IsInFont))
<BR>[Address Reference Count : 2]<UL><LI> f6x8.o(.constdata)
<LI> f8x16.o(.constdata)
</UL>
<P><STRONG><a name="[54]"></a>GUIPROP_DispChar</STRONG> (Thumb, 176 bytes, Stack size 56 bytes, guicharp.o(i.GUIPROP_DispChar))
<BR><BR>[Stack]<UL><LI>Max Depth = 376<LI>Call Chain = GUIPROP_DispChar &rArr; LCD_DrawBitmap &rArr; LCD_L0_DrawBitmap &rArr; _DrawBitLine4BPP &rArr; LCD_L0_SetPixelIndex &rArr; LCD_DrawPoint &rArr; LCD_Address_Set &rArr; LCD_WR_REG &rArr; LCD_Writ_Bus &rArr; HAL_SPI_Transmit &rArr; SPI_EndRxTxTransaction &rArr; SPI_WaitFlagStateUntilTimeout
</UL>
<BR>[Calls]<UL><LI><a href="#[a2]">&gt;&gt;</a>&nbsp;&nbsp;&nbsp;GUI_SetColor
<LI><a href="#[a0]">&gt;&gt;</a>&nbsp;&nbsp;&nbsp;GUI_GetColor
<LI><a href="#[9c]">&gt;&gt;</a>&nbsp;&nbsp;&nbsp;LCD_SetDrawMode
<LI><a href="#[a1]">&gt;&gt;</a>&nbsp;&nbsp;&nbsp;GUI_GetBkColor
<LI><a href="#[9e]">&gt;&gt;</a>&nbsp;&nbsp;&nbsp;LCD_FillRect
<LI><a href="#[9f]">&gt;&gt;</a>&nbsp;&nbsp;&nbsp;GUIPROP_FindChar
<LI><a href="#[9d]">&gt;&gt;</a>&nbsp;&nbsp;&nbsp;LCD_DrawBitmap
</UL>
<BR>[Address Reference Count : 1]<UL><LI> f16b_ascii.o(.constdata)
</UL>
<P><STRONG><a name="[55]"></a>GUIPROP_GetCharDistX</STRONG> (Thumb, 38 bytes, Stack size 16 bytes, guicharp.o(i.GUIPROP_GetCharDistX))
<BR><BR>[Stack]<UL><LI>Max Depth = 16<LI>Call Chain = GUIPROP_GetCharDistX
</UL>
<BR>[Calls]<UL><LI><a href="#[9f]">&gt;&gt;</a>&nbsp;&nbsp;&nbsp;GUIPROP_FindChar
</UL>
<BR>[Address Reference Count : 1]<UL><LI> f16b_ascii.o(.constdata)
</UL>
<P><STRONG><a name="[56]"></a>GUIPROP_GetFontInfo</STRONG> (Thumb, 6 bytes, Stack size 0 bytes, guicharp.o(i.GUIPROP_GetFontInfo))
<BR>[Address Reference Count : 1]<UL><LI> f16b_ascii.o(.constdata)
</UL>
<P><STRONG><a name="[57]"></a>GUIPROP_IsInFont</STRONG> (Thumb, 16 bytes, Stack size 8 bytes, guicharp.o(i.GUIPROP_IsInFont))
<BR><BR>[Stack]<UL><LI>Max Depth = 8<LI>Call Chain = GUIPROP_IsInFont
</UL>
<BR>[Calls]<UL><LI><a href="#[9f]">&gt;&gt;</a>&nbsp;&nbsp;&nbsp;GUIPROP_FindChar
</UL>
<BR>[Address Reference Count : 1]<UL><LI> f16b_ascii.o(.constdata)
</UL>
<P><STRONG><a name="[a3]"></a>GUI_AddDecMin</STRONG> (Thumb, 26 bytes, Stack size 16 bytes, gui_adddecmin.o(i.GUI_AddDecMin))
<BR><BR>[Stack]<UL><LI>Max Depth = 24<LI>Call Chain = GUI_AddDecMin &rArr; GUI_Long2Len
</UL>
<BR>[Calls]<UL><LI><a href="#[a4]">&gt;&gt;</a>&nbsp;&nbsp;&nbsp;GUI_Long2Len
</UL>
<BR>[Called By]<UL><LI><a href="#[af]">&gt;&gt;</a>&nbsp;&nbsp;&nbsp;GUI_DispDecSpace
</UL>

<P><STRONG><a name="[ab]"></a>GUI_AddDecShift</STRONG> (Thumb, 112 bytes, Stack size 20 bytes, gui_adddecshift.o(i.GUI_AddDecShift))
<BR><BR>[Stack]<UL><LI>Max Depth = 20<LI>Call Chain = GUI_AddDecShift
</UL>
<BR>[Called By]<UL><LI><a href="#[aa]">&gt;&gt;</a>&nbsp;&nbsp;&nbsp;GUI_DispDecAt
<LI><a href="#[b4]">&gt;&gt;</a>&nbsp;&nbsp;&nbsp;GUI_DispSDecShift
<LI><a href="#[ad]">&gt;&gt;</a>&nbsp;&nbsp;&nbsp;GUI_DispDecShift
</UL>

<P><STRONG><a name="[b0]"></a>GUI_AddSign</STRONG> (Thumb, 30 bytes, Stack size 8 bytes, gui_adddecshift.o(i.GUI_AddSign))
<BR><BR>[Stack]<UL><LI>Max Depth = 8<LI>Call Chain = GUI_AddSign
</UL>
<BR>[Called By]<UL><LI><a href="#[af]">&gt;&gt;</a>&nbsp;&nbsp;&nbsp;GUI_DispDecSpace
<LI><a href="#[b4]">&gt;&gt;</a>&nbsp;&nbsp;&nbsp;GUI_DispSDecShift
</UL>

<P><STRONG><a name="[a5]"></a>GUI_Clear</STRONG> (Thumb, 28 bytes, Stack size 8 bytes, guicore.o(i.GUI_Clear))
<BR><BR>[Stack]<UL><LI>Max Depth = 24<LI>Call Chain = GUI_Clear &rArr; GUI_GotoXY
</UL>
<BR>[Calls]<UL><LI><a href="#[a6]">&gt;&gt;</a>&nbsp;&nbsp;&nbsp;GUI_GotoXY
</UL>
<BR>[Called By]<UL><LI><a href="#[35]">&gt;&gt;</a>&nbsp;&nbsp;&nbsp;main
</UL>

<P><STRONG><a name="[a7]"></a>GUI_ClearRect</STRONG> (Thumb, 42 bytes, Stack size 24 bytes, guicore.o(i.GUI_ClearRect))
<BR><BR>[Stack]<UL><LI>Max Depth = 224<LI>Call Chain = GUI_ClearRect &rArr; LCD_FillRect &rArr; LCD_L0_FillRect &rArr; LCD_Fill &rArr; LCD_Address_Set &rArr; LCD_WR_REG &rArr; LCD_Writ_Bus &rArr; HAL_SPI_Transmit &rArr; SPI_EndRxTxTransaction &rArr; SPI_WaitFlagStateUntilTimeout
</UL>
<BR>[Calls]<UL><LI><a href="#[9c]">&gt;&gt;</a>&nbsp;&nbsp;&nbsp;LCD_SetDrawMode
<LI><a href="#[9e]">&gt;&gt;</a>&nbsp;&nbsp;&nbsp;LCD_FillRect
</UL>
<BR>[Called By]<UL><LI><a href="#[a8]">&gt;&gt;</a>&nbsp;&nbsp;&nbsp;GUI_DispCEOL
</UL>

<P><STRONG><a name="[a8]"></a>GUI_DispCEOL</STRONG> (Thumb, 38 bytes, Stack size 8 bytes, gui_dispceol.o(i.GUI_DispCEOL))
<BR><BR>[Stack]<UL><LI>Max Depth = 232<LI>Call Chain = GUI_DispCEOL &rArr; GUI_ClearRect &rArr; LCD_FillRect &rArr; LCD_L0_FillRect &rArr; LCD_Fill &rArr; LCD_Address_Set &rArr; LCD_WR_REG &rArr; LCD_Writ_Bus &rArr; HAL_SPI_Transmit &rArr; SPI_EndRxTxTransaction &rArr; SPI_WaitFlagStateUntilTimeout
</UL>
<BR>[Calls]<UL><LI><a href="#[a9]">&gt;&gt;</a>&nbsp;&nbsp;&nbsp;GUI_GetYAdjust
<LI><a href="#[a7]">&gt;&gt;</a>&nbsp;&nbsp;&nbsp;GUI_ClearRect
</UL>
<BR>[Called By]<UL><LI><a href="#[ba]">&gt;&gt;</a>&nbsp;&nbsp;&nbsp;GUI_DispStringAtCEOL
</UL>

<P><STRONG><a name="[aa]"></a>GUI_DispDecAt</STRONG> (Thumb, 34 bytes, Stack size 32 bytes, guival.o(i.GUI_DispDecAt))
<BR><BR>[Stack]<UL><LI>Max Depth = 144<LI>Call Chain = GUI_DispDecAt &rArr; GUI_DispStringAt &rArr; GUI_DispString &rArr; GUI__DispLine &rArr; _DispLine &rArr; GUI_UC__GetCharCodeInc
</UL>
<BR>[Calls]<UL><LI><a href="#[ac]">&gt;&gt;</a>&nbsp;&nbsp;&nbsp;GUI_DispStringAt
<LI><a href="#[ab]">&gt;&gt;</a>&nbsp;&nbsp;&nbsp;GUI_AddDecShift
</UL>
<BR>[Called By]<UL><LI><a href="#[35]">&gt;&gt;</a>&nbsp;&nbsp;&nbsp;main
</UL>

<P><STRONG><a name="[ad]"></a>GUI_DispDecShift</STRONG> (Thumb, 20 bytes, Stack size 24 bytes, guival.o(i.GUI_DispDecShift))
<BR><BR>[Stack]<UL><LI>Max Depth = 136<LI>Call Chain = GUI_DispDecShift &rArr; GUI_DispString &rArr; GUI__DispLine &rArr; _DispLine &rArr; GUI_UC__GetCharCodeInc
</UL>
<BR>[Calls]<UL><LI><a href="#[ae]">&gt;&gt;</a>&nbsp;&nbsp;&nbsp;GUI_DispString
<LI><a href="#[ab]">&gt;&gt;</a>&nbsp;&nbsp;&nbsp;GUI_AddDecShift
</UL>
<BR>[Called By]<UL><LI><a href="#[b3]">&gt;&gt;</a>&nbsp;&nbsp;&nbsp;_DispFloatFix
</UL>

<P><STRONG><a name="[af]"></a>GUI_DispDecSpace</STRONG> (Thumb, 72 bytes, Stack size 32 bytes, guival.o(i.GUI_DispDecSpace))
<BR><BR>[Stack]<UL><LI>Max Depth = 144<LI>Call Chain = GUI_DispDecSpace &rArr; GUI_DispString &rArr; GUI__DispLine &rArr; _DispLine &rArr; GUI_UC__GetCharCodeInc
</UL>
<BR>[Calls]<UL><LI><a href="#[ae]">&gt;&gt;</a>&nbsp;&nbsp;&nbsp;GUI_DispString
<LI><a href="#[b0]">&gt;&gt;</a>&nbsp;&nbsp;&nbsp;GUI_AddSign
<LI><a href="#[a4]">&gt;&gt;</a>&nbsp;&nbsp;&nbsp;GUI_Long2Len
<LI><a href="#[a3]">&gt;&gt;</a>&nbsp;&nbsp;&nbsp;GUI_AddDecMin
</UL>
<BR>[Called By]<UL><LI><a href="#[35]">&gt;&gt;</a>&nbsp;&nbsp;&nbsp;main
</UL>

<P><STRONG><a name="[b1]"></a>GUI_DispFloat</STRONG> (Thumb, 52 bytes, Stack size 16 bytes, guivalf.o(i.GUI_DispFloat))
<BR><BR>[Stack]<UL><LI>Max Depth = 184<LI>Call Chain = GUI_DispFloat &rArr; _DispFloatFix &rArr; GUI_DispSDecShift &rArr; GUI_DispString &rArr; GUI__DispLine &rArr; _DispLine &rArr; GUI_UC__GetCharCodeInc
</UL>
<BR>[Calls]<UL><LI><a href="#[b2]">&gt;&gt;</a>&nbsp;&nbsp;&nbsp;__aeabi_f2iz
<LI><a href="#[b3]">&gt;&gt;</a>&nbsp;&nbsp;&nbsp;_DispFloatFix
<LI><a href="#[a4]">&gt;&gt;</a>&nbsp;&nbsp;&nbsp;GUI_Long2Len
</UL>
<BR>[Called By]<UL><LI><a href="#[35]">&gt;&gt;</a>&nbsp;&nbsp;&nbsp;main
</UL>

<P><STRONG><a name="[b4]"></a>GUI_DispSDecShift</STRONG> (Thumb, 36 bytes, Stack size 32 bytes, guival.o(i.GUI_DispSDecShift))
<BR><BR>[Stack]<UL><LI>Max Depth = 144<LI>Call Chain = GUI_DispSDecShift &rArr; GUI_DispString &rArr; GUI__DispLine &rArr; _DispLine &rArr; GUI_UC__GetCharCodeInc
</UL>
<BR>[Calls]<UL><LI><a href="#[ae]">&gt;&gt;</a>&nbsp;&nbsp;&nbsp;GUI_DispString
<LI><a href="#[b0]">&gt;&gt;</a>&nbsp;&nbsp;&nbsp;GUI_AddSign
<LI><a href="#[ab]">&gt;&gt;</a>&nbsp;&nbsp;&nbsp;GUI_AddDecShift
</UL>
<BR>[Called By]<UL><LI><a href="#[b3]">&gt;&gt;</a>&nbsp;&nbsp;&nbsp;_DispFloatFix
</UL>

<P><STRONG><a name="[ae]"></a>GUI_DispString</STRONG> (Thumb, 236 bytes, Stack size 40 bytes, gui_dispstring.o(i.GUI_DispString))
<BR><BR>[Stack]<UL><LI>Max Depth = 112<LI>Call Chain = GUI_DispString &rArr; GUI__DispLine &rArr; _DispLine &rArr; GUI_UC__GetCharCodeInc
</UL>
<BR>[Calls]<UL><LI><a href="#[b7]">&gt;&gt;</a>&nbsp;&nbsp;&nbsp;GUI__GetLineDistX
<LI><a href="#[b8]">&gt;&gt;</a>&nbsp;&nbsp;&nbsp;GUI__DispLine
<LI><a href="#[a9]">&gt;&gt;</a>&nbsp;&nbsp;&nbsp;GUI_GetYAdjust
<LI><a href="#[b6]">&gt;&gt;</a>&nbsp;&nbsp;&nbsp;GUI__GetLineNumChars
<LI><a href="#[b9]">&gt;&gt;</a>&nbsp;&nbsp;&nbsp;GUI_UC__NumChars2NumBytes
<LI><a href="#[b5]">&gt;&gt;</a>&nbsp;&nbsp;&nbsp;GUI_GetFontDistY
</UL>
<BR>[Called By]<UL><LI><a href="#[ac]">&gt;&gt;</a>&nbsp;&nbsp;&nbsp;GUI_DispStringAt
<LI><a href="#[af]">&gt;&gt;</a>&nbsp;&nbsp;&nbsp;GUI_DispDecSpace
<LI><a href="#[b4]">&gt;&gt;</a>&nbsp;&nbsp;&nbsp;GUI_DispSDecShift
<LI><a href="#[ad]">&gt;&gt;</a>&nbsp;&nbsp;&nbsp;GUI_DispDecShift
</UL>

<P><STRONG><a name="[ac]"></a>GUI_DispStringAt</STRONG> (Thumb, 10 bytes, Stack size 0 bytes, gui_dispstringat.o(i.GUI_DispStringAt))
<BR><BR>[Stack]<UL><LI>Max Depth = 112<LI>Call Chain = GUI_DispStringAt &rArr; GUI_DispString &rArr; GUI__DispLine &rArr; _DispLine &rArr; GUI_UC__GetCharCodeInc
</UL>
<BR>[Calls]<UL><LI><a href="#[ae]">&gt;&gt;</a>&nbsp;&nbsp;&nbsp;GUI_DispString
</UL>
<BR>[Called By]<UL><LI><a href="#[ba]">&gt;&gt;</a>&nbsp;&nbsp;&nbsp;GUI_DispStringAtCEOL
<LI><a href="#[aa]">&gt;&gt;</a>&nbsp;&nbsp;&nbsp;GUI_DispDecAt
<LI><a href="#[35]">&gt;&gt;</a>&nbsp;&nbsp;&nbsp;main
</UL>

<P><STRONG><a name="[ba]"></a>GUI_DispStringAtCEOL</STRONG> (Thumb, 14 bytes, Stack size 8 bytes, gui_dispstringatceol.o(i.GUI_DispStringAtCEOL))
<BR><BR>[Stack]<UL><LI>Max Depth = 240<LI>Call Chain = GUI_DispStringAtCEOL &rArr; GUI_DispCEOL &rArr; GUI_ClearRect &rArr; LCD_FillRect &rArr; LCD_L0_FillRect &rArr; LCD_Fill &rArr; LCD_Address_Set &rArr; LCD_WR_REG &rArr; LCD_Writ_Bus &rArr; HAL_SPI_Transmit &rArr; SPI_EndRxTxTransaction &rArr; SPI_WaitFlagStateUntilTimeout
</UL>
<BR>[Calls]<UL><LI><a href="#[ac]">&gt;&gt;</a>&nbsp;&nbsp;&nbsp;GUI_DispStringAt
<LI><a href="#[a8]">&gt;&gt;</a>&nbsp;&nbsp;&nbsp;GUI_DispCEOL
</UL>
<BR>[Called By]<UL><LI><a href="#[35]">&gt;&gt;</a>&nbsp;&nbsp;&nbsp;main
</UL>

<P><STRONG><a name="[bb]"></a>GUI_DrawArc</STRONG> (Thumb, 16 bytes, Stack size 24 bytes, guiarc.o(i.GUI_DrawArc))
<BR><BR>[Stack]<UL><LI>Max Depth = 416<LI>Call Chain = GUI_DrawArc &rArr; GL_DrawArc &rArr; _DrawArc &rArr; sin &rArr; __ieee754_rem_pio2 &rArr; __aeabi_dsub &rArr; __aeabi_dadd &rArr; _double_epilogue &rArr; _double_round
</UL>
<BR>[Calls]<UL><LI><a href="#[8c]">&gt;&gt;</a>&nbsp;&nbsp;&nbsp;GL_DrawArc
</UL>
<BR>[Called By]<UL><LI><a href="#[35]">&gt;&gt;</a>&nbsp;&nbsp;&nbsp;main
</UL>

<P><STRONG><a name="[bc]"></a>GUI_DrawLine</STRONG> (Thumb, 4 bytes, Stack size 0 bytes, gui2dlib.o(i.GUI_DrawLine))
<BR><BR>[Stack]<UL><LI>Max Depth = 312<LI>Call Chain = GUI_DrawLine &rArr; GL_DrawLine &rArr; GL_DrawLine1 &rArr; GL_DrawPoint &rArr; GL_FillCircle &rArr; LCD_DrawHLine &rArr; LCD_L0_DrawHLine &rArr; LCD_L0_XorPixel &rArr; LCD_L0_SetPixelIndex &rArr; LCD_DrawPoint &rArr; LCD_Address_Set &rArr; LCD_WR_REG &rArr; LCD_Writ_Bus &rArr; HAL_SPI_Transmit &rArr; SPI_EndRxTxTransaction &rArr; SPI_WaitFlagStateUntilTimeout
</UL>
<BR>[Calls]<UL><LI><a href="#[8e]">&gt;&gt;</a>&nbsp;&nbsp;&nbsp;GL_DrawLine
</UL>
<BR>[Called By]<UL><LI><a href="#[35]">&gt;&gt;</a>&nbsp;&nbsp;&nbsp;main
</UL>

<P><STRONG><a name="[a1]"></a>GUI_GetBkColor</STRONG> (Thumb, 14 bytes, Stack size 8 bytes, gui_getcolor.o(i.GUI_GetBkColor))
<BR><BR>[Stack]<UL><LI>Max Depth = 16<LI>Call Chain = GUI_GetBkColor &rArr; LCD_Index2Color &rArr; LCD_L0_Index2Color &rArr; LCD_Index2Color_M565
</UL>
<BR>[Calls]<UL><LI><a href="#[be]">&gt;&gt;</a>&nbsp;&nbsp;&nbsp;LCD_Index2Color
<LI><a href="#[bd]">&gt;&gt;</a>&nbsp;&nbsp;&nbsp;LCD_GetBkColorIndex
</UL>
<BR>[Called By]<UL><LI><a href="#[54]">&gt;&gt;</a>&nbsp;&nbsp;&nbsp;GUIPROP_DispChar
</UL>

<P><STRONG><a name="[cb]"></a>GUI_GetCharDistX</STRONG> (Thumb, 8 bytes, Stack size 0 bytes, guichar.o(i.GUI_GetCharDistX))
<BR><BR>[Called By]<UL><LI><a href="#[b7]">&gt;&gt;</a>&nbsp;&nbsp;&nbsp;GUI__GetLineDistX
</UL>

<P><STRONG><a name="[a0]"></a>GUI_GetColor</STRONG> (Thumb, 14 bytes, Stack size 8 bytes, gui_getcolor.o(i.GUI_GetColor))
<BR><BR>[Stack]<UL><LI>Max Depth = 16<LI>Call Chain = GUI_GetColor &rArr; LCD_Index2Color &rArr; LCD_L0_Index2Color &rArr; LCD_Index2Color_M565
</UL>
<BR>[Calls]<UL><LI><a href="#[be]">&gt;&gt;</a>&nbsp;&nbsp;&nbsp;LCD_Index2Color
<LI><a href="#[bf]">&gt;&gt;</a>&nbsp;&nbsp;&nbsp;LCD_GetColorIndex
</UL>
<BR>[Called By]<UL><LI><a href="#[54]">&gt;&gt;</a>&nbsp;&nbsp;&nbsp;GUIPROP_DispChar
</UL>

<P><STRONG><a name="[b5]"></a>GUI_GetFontDistY</STRONG> (Thumb, 12 bytes, Stack size 0 bytes, guichar.o(i.GUI_GetFontDistY))
<BR><BR>[Called By]<UL><LI><a href="#[ae]">&gt;&gt;</a>&nbsp;&nbsp;&nbsp;GUI_DispString
</UL>

<P><STRONG><a name="[a9]"></a>GUI_GetYAdjust</STRONG> (Thumb, 40 bytes, Stack size 0 bytes, guichar.o(i.GUI_GetYAdjust))
<BR><BR>[Called By]<UL><LI><a href="#[a8]">&gt;&gt;</a>&nbsp;&nbsp;&nbsp;GUI_DispCEOL
<LI><a href="#[ae]">&gt;&gt;</a>&nbsp;&nbsp;&nbsp;GUI_DispString
</UL>

<P><STRONG><a name="[a6]"></a>GUI_GotoXY</STRONG> (Thumb, 20 bytes, Stack size 16 bytes, gui_goto.o(i.GUI_GotoXY))
<BR><BR>[Stack]<UL><LI>Max Depth = 16<LI>Call Chain = GUI_GotoXY
</UL>
<BR>[Calls]<UL><LI><a href="#[c1]">&gt;&gt;</a>&nbsp;&nbsp;&nbsp;_GotoY
<LI><a href="#[c0]">&gt;&gt;</a>&nbsp;&nbsp;&nbsp;_GotoX
</UL>
<BR>[Called By]<UL><LI><a href="#[a5]">&gt;&gt;</a>&nbsp;&nbsp;&nbsp;GUI_Clear
<LI><a href="#[35]">&gt;&gt;</a>&nbsp;&nbsp;&nbsp;main
</UL>

<P><STRONG><a name="[c2]"></a>GUI_Init</STRONG> (Thumb, 68 bytes, Stack size 16 bytes, guicore.o(i.GUI_Init))
<BR><BR>[Stack]<UL><LI>Max Depth = 224<LI>Call Chain = GUI_Init &rArr; LCD_Init &rArr; LCD_FillRect &rArr; LCD_L0_FillRect &rArr; LCD_Fill &rArr; LCD_Address_Set &rArr; LCD_WR_REG &rArr; LCD_Writ_Bus &rArr; HAL_SPI_Transmit &rArr; SPI_EndRxTxTransaction &rArr; SPI_WaitFlagStateUntilTimeout
</UL>
<BR>[Calls]<UL><LI><a href="#[c6]">&gt;&gt;</a>&nbsp;&nbsp;&nbsp;LCD_SetColor
<LI><a href="#[c5]">&gt;&gt;</a>&nbsp;&nbsp;&nbsp;LCD_SetBkColor
<LI><a href="#[c4]">&gt;&gt;</a>&nbsp;&nbsp;&nbsp;LCD_L0_GetRect
<LI><a href="#[c7]">&gt;&gt;</a>&nbsp;&nbsp;&nbsp;LCD_Init
<LI><a href="#[c3]">&gt;&gt;</a>&nbsp;&nbsp;&nbsp;GUI_X_Init
</UL>
<BR>[Called By]<UL><LI><a href="#[35]">&gt;&gt;</a>&nbsp;&nbsp;&nbsp;main
</UL>

<P><STRONG><a name="[a4]"></a>GUI_Long2Len</STRONG> (Thumb, 42 bytes, Stack size 8 bytes, gui_adddecshift.o(i.GUI_Long2Len))
<BR><BR>[Stack]<UL><LI>Max Depth = 8<LI>Call Chain = GUI_Long2Len
</UL>
<BR>[Called By]<UL><LI><a href="#[b1]">&gt;&gt;</a>&nbsp;&nbsp;&nbsp;GUI_DispFloat
<LI><a href="#[af]">&gt;&gt;</a>&nbsp;&nbsp;&nbsp;GUI_DispDecSpace
<LI><a href="#[a3]">&gt;&gt;</a>&nbsp;&nbsp;&nbsp;GUI_AddDecMin
</UL>

<P><STRONG><a name="[165]"></a>GUI_RectsIntersect</STRONG> (Thumb, 56 bytes, Stack size 0 bytes, gui_rectsintersect.o(i.GUI_RectsIntersect))
<BR><BR>[Called By]<UL><LI><a href="#[c9]">&gt;&gt;</a>&nbsp;&nbsp;&nbsp;_DispLine
</UL>

<P><STRONG><a name="[c8]"></a>GUI_SetBkColor</STRONG> (Thumb, 4 bytes, Stack size 0 bytes, gui_setcolor.o(i.GUI_SetBkColor))
<BR><BR>[Stack]<UL><LI>Max Depth = 16<LI>Call Chain = GUI_SetBkColor &rArr; LCD_SetBkColor &rArr; LCD_SetBkColorIndex
</UL>
<BR>[Calls]<UL><LI><a href="#[c5]">&gt;&gt;</a>&nbsp;&nbsp;&nbsp;LCD_SetBkColor
</UL>
<BR>[Called By]<UL><LI><a href="#[35]">&gt;&gt;</a>&nbsp;&nbsp;&nbsp;main
</UL>

<P><STRONG><a name="[a2]"></a>GUI_SetColor</STRONG> (Thumb, 4 bytes, Stack size 0 bytes, gui_setcolor.o(i.GUI_SetColor))
<BR><BR>[Stack]<UL><LI>Max Depth = 16<LI>Call Chain = GUI_SetColor &rArr; LCD_SetColor &rArr; LCD_SetColorIndex
</UL>
<BR>[Calls]<UL><LI><a href="#[c6]">&gt;&gt;</a>&nbsp;&nbsp;&nbsp;LCD_SetColor
</UL>
<BR>[Called By]<UL><LI><a href="#[35]">&gt;&gt;</a>&nbsp;&nbsp;&nbsp;main
<LI><a href="#[54]">&gt;&gt;</a>&nbsp;&nbsp;&nbsp;GUIPROP_DispChar
</UL>

<P><STRONG><a name="[1b5]"></a>GUI_SetFont</STRONG> (Thumb, 12 bytes, Stack size 0 bytes, gui_setfont.o(i.GUI_SetFont))
<BR><BR>[Called By]<UL><LI><a href="#[35]">&gt;&gt;</a>&nbsp;&nbsp;&nbsp;main
</UL>

<P><STRONG><a name="[1b3]"></a>GUI_SetPenSize</STRONG> (Thumb, 10 bytes, Stack size 0 bytes, gui_pen.o(i.GUI_SetPenSize))
<BR><BR>[Called By]<UL><LI><a href="#[35]">&gt;&gt;</a>&nbsp;&nbsp;&nbsp;main
</UL>

<P><STRONG><a name="[1b4]"></a>GUI_SetTextMode</STRONG> (Thumb, 12 bytes, Stack size 0 bytes, gui_settextmode.o(i.GUI_SetTextMode))
<BR><BR>[Called By]<UL><LI><a href="#[35]">&gt;&gt;</a>&nbsp;&nbsp;&nbsp;main
</UL>

<P><STRONG><a name="[ca]"></a>GUI_UC__GetCharCodeInc</STRONG> (Thumb, 38 bytes, Stack size 24 bytes, gui_uc.o(i.GUI_UC__GetCharCodeInc))
<BR><BR>[Stack]<UL><LI>Max Depth = 24<LI>Call Chain = GUI_UC__GetCharCodeInc
</UL>
<BR>[Called By]<UL><LI><a href="#[b7]">&gt;&gt;</a>&nbsp;&nbsp;&nbsp;GUI__GetLineDistX
<LI><a href="#[c9]">&gt;&gt;</a>&nbsp;&nbsp;&nbsp;_DispLine
<LI><a href="#[b6]">&gt;&gt;</a>&nbsp;&nbsp;&nbsp;GUI__GetLineNumChars
</UL>

<P><STRONG><a name="[b9]"></a>GUI_UC__NumChars2NumBytes</STRONG> (Thumb, 36 bytes, Stack size 24 bytes, gui_uc.o(i.GUI_UC__NumChars2NumBytes))
<BR><BR>[Stack]<UL><LI>Max Depth = 24<LI>Call Chain = GUI_UC__NumChars2NumBytes
</UL>
<BR>[Called By]<UL><LI><a href="#[ae]">&gt;&gt;</a>&nbsp;&nbsp;&nbsp;GUI_DispString
</UL>

<P><STRONG><a name="[c3]"></a>GUI_X_Init</STRONG> (Thumb, 2 bytes, Stack size 0 bytes, gui_x.o(i.GUI_X_Init))
<BR><BR>[Called By]<UL><LI><a href="#[c2]">&gt;&gt;</a>&nbsp;&nbsp;&nbsp;GUI_Init
</UL>

<P><STRONG><a name="[b8]"></a>GUI__DispLine</STRONG> (Thumb, 40 bytes, Stack size 16 bytes, guicharline.o(i.GUI__DispLine))
<BR><BR>[Stack]<UL><LI>Max Depth = 72<LI>Call Chain = GUI__DispLine &rArr; _DispLine &rArr; GUI_UC__GetCharCodeInc
</UL>
<BR>[Calls]<UL><LI><a href="#[c9]">&gt;&gt;</a>&nbsp;&nbsp;&nbsp;_DispLine
</UL>
<BR>[Called By]<UL><LI><a href="#[ae]">&gt;&gt;</a>&nbsp;&nbsp;&nbsp;GUI_DispString
</UL>

<P><STRONG><a name="[b7]"></a>GUI__GetLineDistX</STRONG> (Thumb, 46 bytes, Stack size 24 bytes, guicharline.o(i.GUI__GetLineDistX))
<BR><BR>[Stack]<UL><LI>Max Depth = 48<LI>Call Chain = GUI__GetLineDistX &rArr; GUI_UC__GetCharCodeInc
</UL>
<BR>[Calls]<UL><LI><a href="#[cb]">&gt;&gt;</a>&nbsp;&nbsp;&nbsp;GUI_GetCharDistX
<LI><a href="#[ca]">&gt;&gt;</a>&nbsp;&nbsp;&nbsp;GUI_UC__GetCharCodeInc
</UL>
<BR>[Called By]<UL><LI><a href="#[ae]">&gt;&gt;</a>&nbsp;&nbsp;&nbsp;GUI_DispString
</UL>

<P><STRONG><a name="[b6]"></a>GUI__GetLineNumChars</STRONG> (Thumb, 48 bytes, Stack size 24 bytes, guicharline.o(i.GUI__GetLineNumChars))
<BR><BR>[Stack]<UL><LI>Max Depth = 48<LI>Call Chain = GUI__GetLineNumChars &rArr; GUI_UC__GetCharCodeInc
</UL>
<BR>[Calls]<UL><LI><a href="#[ca]">&gt;&gt;</a>&nbsp;&nbsp;&nbsp;GUI_UC__GetCharCodeInc
</UL>
<BR>[Called By]<UL><LI><a href="#[ae]">&gt;&gt;</a>&nbsp;&nbsp;&nbsp;GUI_DispString
</UL>

<P><STRONG><a name="[90]"></a>GUI_cos</STRONG> (Thumb, 8 bytes, Stack size 0 bytes, gui2dlib.o(i.GUI_cos))
<BR><BR>[Called By]<UL><LI><a href="#[8e]">&gt;&gt;</a>&nbsp;&nbsp;&nbsp;GL_DrawLine
</UL>

<P><STRONG><a name="[91]"></a>GUI_sin</STRONG> (Thumb, 78 bytes, Stack size 8 bytes, gui2dlib.o(i.GUI_sin))
<BR><BR>[Stack]<UL><LI>Max Depth = 8<LI>Call Chain = GUI_sin
</UL>
<BR>[Called By]<UL><LI><a href="#[8e]">&gt;&gt;</a>&nbsp;&nbsp;&nbsp;GL_DrawLine
</UL>

<P><STRONG><a name="[f8]"></a>HAL_DMA_Abort_IT</STRONG> (Thumb, 148 bytes, Stack size 8 bytes, stm32f1xx_hal_dma.o(i.HAL_DMA_Abort_IT))
<BR><BR>[Stack]<UL><LI>Max Depth = 8<LI>Call Chain = HAL_DMA_Abort_IT
</UL>
<BR>[Called By]<UL><LI><a href="#[f5]">&gt;&gt;</a>&nbsp;&nbsp;&nbsp;HAL_UART_IRQHandler
</UL>

<P><STRONG><a name="[89]"></a>HAL_DMA_IRQHandler</STRONG> (Thumb, 320 bytes, Stack size 40 bytes, stm32f1xx_hal_dma.o(i.HAL_DMA_IRQHandler))
<BR><BR>[Stack]<UL><LI>Max Depth = 40<LI>Call Chain = HAL_DMA_IRQHandler
</UL>
<BR>[Called By]<UL><LI><a href="#[19]">&gt;&gt;</a>&nbsp;&nbsp;&nbsp;DMA1_Channel5_IRQHandler
</UL>

<P><STRONG><a name="[dc]"></a>HAL_DMA_Init</STRONG> (Thumb, 84 bytes, Stack size 12 bytes, stm32f1xx_hal_dma.o(i.HAL_DMA_Init))
<BR><BR>[Stack]<UL><LI>Max Depth = 12<LI>Call Chain = HAL_DMA_Init
</UL>
<BR>[Called By]<UL><LI><a href="#[da]">&gt;&gt;</a>&nbsp;&nbsp;&nbsp;HAL_SPI_MspInit
<LI><a href="#[128]">&gt;&gt;</a>&nbsp;&nbsp;&nbsp;LCD_ShowPicture
<LI><a href="#[117]">&gt;&gt;</a>&nbsp;&nbsp;&nbsp;LCD_Fill
</UL>

<P><STRONG><a name="[cc]"></a>HAL_DMA_Start_IT</STRONG> (Thumb, 112 bytes, Stack size 16 bytes, stm32f1xx_hal_dma.o(i.HAL_DMA_Start_IT))
<BR><BR>[Stack]<UL><LI>Max Depth = 28<LI>Call Chain = HAL_DMA_Start_IT &rArr; DMA_SetConfig
</UL>
<BR>[Calls]<UL><LI><a href="#[cd]">&gt;&gt;</a>&nbsp;&nbsp;&nbsp;DMA_SetConfig
</UL>
<BR>[Called By]<UL><LI><a href="#[e1]">&gt;&gt;</a>&nbsp;&nbsp;&nbsp;HAL_SPI_Transmit_DMA
</UL>

<P><STRONG><a name="[db]"></a>HAL_GPIO_Init</STRONG> (Thumb, 426 bytes, Stack size 40 bytes, stm32f1xx_hal_gpio.o(i.HAL_GPIO_Init))
<BR><BR>[Stack]<UL><LI>Max Depth = 40<LI>Call Chain = HAL_GPIO_Init
</UL>
<BR>[Called By]<UL><LI><a href="#[fc]">&gt;&gt;</a>&nbsp;&nbsp;&nbsp;HAL_UART_MspInit
<LI><a href="#[da]">&gt;&gt;</a>&nbsp;&nbsp;&nbsp;HAL_SPI_MspInit
[...]
<LI><a href="#[198]">&gt;&gt;</a>&nbsp;&nbsp;&nbsp;IIC_Select
</UL>
<BR>[Called By]<UL><LI><a href="#[1bb]">&gt;&gt;</a>&nbsp;&nbsp;&nbsp;sgp30_get_meas
<LI><a href="#[1b8]">&gt;&gt;</a>&nbsp;&nbsp;&nbsp;sgp30_get_id
<LI><a href="#[1b7]">&gt;&gt;</a>&nbsp;&nbsp;&nbsp;sgp30_get_feature
</UL>

<P><STRONG><a name="[19f]"></a>cJSON_New_Item</STRONG> (Thumb, 24 bytes, Stack size 8 bytes, cjson.o(i.cJSON_New_Item))
<BR><BR>[Stack]<UL><LI>Max Depth = 8<LI>Call Chain = cJSON_New_Item
</UL>
<BR>[Calls]<UL><LI><a href="#[15b]">&gt;&gt;</a>&nbsp;&nbsp;&nbsp;__aeabi_memclr4
</UL>
<BR>[Called By]<UL><LI><a href="#[1a2]">&gt;&gt;</a>&nbsp;&nbsp;&nbsp;cJSON_CreateString
<LI><a href="#[1a1]">&gt;&gt;</a>&nbsp;&nbsp;&nbsp;cJSON_CreateObject
<LI><a href="#[1a0]">&gt;&gt;</a>&nbsp;&nbsp;&nbsp;cJSON_CreateNumber
<LI><a href="#[19e]">&gt;&gt;</a>&nbsp;&nbsp;&nbsp;cJSON_CreateArray
</UL>

<P><STRONG><a name="[19c]"></a>cJSON_strdup</STRONG> (Thumb, 38 bytes, Stack size 16 bytes, cjson.o(i.cJSON_strdup))
<BR><BR>[Stack]<UL><LI>Max Depth = 24<LI>Call Chain = cJSON_strdup &rArr; __aeabi_memcpy
</UL>
<BR>[Calls]<UL><LI><a href="#[140]">&gt;&gt;</a>&nbsp;&nbsp;&nbsp;strlen
<LI><a href="#[13f]">&gt;&gt;</a>&nbsp;&nbsp;&nbsp;__aeabi_memcpy
</UL>
<BR>[Called By]<UL><LI><a href="#[1a2]">&gt;&gt;</a>&nbsp;&nbsp;&nbsp;cJSON_CreateString
<LI><a href="#[19b]">&gt;&gt;</a>&nbsp;&nbsp;&nbsp;cJSON_AddItemToObject
<LI><a href="#[1a5]">&gt;&gt;</a>&nbsp;&nbsp;&nbsp;print_value
</UL>

<P><STRONG><a name="[1ad]"></a>ensure</STRONG> (Thumb, 106 bytes, Stack size 24 bytes, cjson.o(i.ensure))
<BR><BR>[Stack]<UL><LI>Max Depth = 32<LI>Call Chain = ensure &rArr; __aeabi_memcpy
</UL>
<BR>[Calls]<UL><LI><a href="#[13f]">&gt;&gt;</a>&nbsp;&nbsp;&nbsp;__aeabi_memcpy
</UL>
<BR>[Called By]<UL><LI><a href="#[1a5]">&gt;&gt;</a>&nbsp;&nbsp;&nbsp;print_value
<LI><a href="#[1cd]">&gt;&gt;</a>&nbsp;&nbsp;&nbsp;print_string_ptr
<LI><a href="#[1cc]">&gt;&gt;</a>&nbsp;&nbsp;&nbsp;print_object
<LI><a href="#[1c9]">&gt;&gt;</a>&nbsp;&nbsp;&nbsp;print_number
<LI><a href="#[1c7]">&gt;&gt;</a>&nbsp;&nbsp;&nbsp;print_array
</UL>

<P><STRONG><a name="[1c7]"></a>print_array</STRONG> (Thumb, 482 bytes, Stack size 56 bytes, cjson.o(i.print_array))
<BR><BR>[Stack]<UL><LI>Max Depth = 88 + In Cycle
<LI>Call Chain = print_array &rArr;  print_value (Cycle)
</UL>
<BR>[Calls]<UL><LI><a href="#[1c8]">&gt;&gt;</a>&nbsp;&nbsp;&nbsp;update
<LI><a href="#[1a5]">&gt;&gt;</a>&nbsp;&nbsp;&nbsp;print_value
<LI><a href="#[1ad]">&gt;&gt;</a>&nbsp;&nbsp;&nbsp;ensure
<LI><a href="#[1bf]">&gt;&gt;</a>&nbsp;&nbsp;&nbsp;strcpy
<LI><a href="#[140]">&gt;&gt;</a>&nbsp;&nbsp;&nbsp;strlen
<LI><a href="#[15b]">&gt;&gt;</a>&nbsp;&nbsp;&nbsp;__aeabi_memclr4
<LI><a href="#[13f]">&gt;&gt;</a>&nbsp;&nbsp;&nbsp;__aeabi_memcpy
</UL>
<BR>[Called By]<UL><LI><a href="#[1a5]">&gt;&gt;</a>&nbsp;&nbsp;&nbsp;print_value
</UL>

<P><STRONG><a name="[1c9]"></a>print_number</STRONG> (Thumb, 292 bytes, Stack size 32 bytes, cjson.o(i.print_number))
<BR><BR>[Stack]<UL><LI>Max Depth = 144<LI>Call Chain = print_number &rArr; floor &rArr; __aeabi_dadd &rArr; _double_epilogue &rArr; _double_round
</UL>
<BR>[Calls]<UL><LI><a href="#[7e]">&gt;&gt;</a>&nbsp;&nbsp;&nbsp;__aeabi_i2d
<LI><a href="#[78]">&gt;&gt;</a>&nbsp;&nbsp;&nbsp;__aeabi_dsub
<LI><a href="#[17a]">&gt;&gt;</a>&nbsp;&nbsp;&nbsp;__aeabi_cdrcmple
<LI><a href="#[1cb]">&gt;&gt;</a>&nbsp;&nbsp;&nbsp;__aeabi_cdcmple
<LI><a href="#[1ca]">&gt;&gt;</a>&nbsp;&nbsp;&nbsp;__aeabi_cdcmpeq
<LI><a href="#[1ad]">&gt;&gt;</a>&nbsp;&nbsp;&nbsp;ensure
<LI><a href="#[180]">&gt;&gt;</a>&nbsp;&nbsp;&nbsp;__2sprintf
<LI><a href="#[164]">&gt;&gt;</a>&nbsp;&nbsp;&nbsp;floor
</UL>
<BR>[Called By]<UL><LI><a href="#[1a5]">&gt;&gt;</a>&nbsp;&nbsp;&nbsp;print_value
</UL>

<P><STRONG><a name="[1cc]"></a>print_object</STRONG> (Thumb, 878 bytes, Stack size 72 bytes, cjson.o(i.print_object))
<BR><BR>[Stack]<UL><LI>Max Depth = 144 + In Cycle
<LI>Call Chain = print_object &rArr;  print_value (Cycle)
</UL>
<BR>[Calls]<UL><LI><a href="#[1c8]">&gt;&gt;</a>&nbsp;&nbsp;&nbsp;update
<LI><a href="#[1a5]">&gt;&gt;</a>&nbsp;&nbsp;&nbsp;print_value
<LI><a href="#[1cd]">&gt;&gt;</a>&nbsp;&nbsp;&nbsp;print_string_ptr
<LI><a href="#[1ad]">&gt;&gt;</a>&nbsp;&nbsp;&nbsp;ensure
<LI><a href="#[1bf]">&gt;&gt;</a>&nbsp;&nbsp;&nbsp;strcpy
<LI><a href="#[140]">&gt;&gt;</a>&nbsp;&nbsp;&nbsp;strlen
<LI><a href="#[15b]">&gt;&gt;</a>&nbsp;&nbsp;&nbsp;__aeabi_memclr4
<LI><a href="#[13f]">&gt;&gt;</a>&nbsp;&nbsp;&nbsp;__aeabi_memcpy
</UL>
<BR>[Called By]<UL><LI><a href="#[1a5]">&gt;&gt;</a>&nbsp;&nbsp;&nbsp;print_value
</UL>

<P><STRONG><a name="[1ce]"></a>print_string</STRONG> (Thumb, 6 bytes, Stack size 0 bytes, cjson.o(i.print_string))
<BR><BR>[Stack]<UL><LI>Max Depth = 72<LI>Call Chain = print_string &rArr; print_string_ptr &rArr; ensure &rArr; __aeabi_memcpy
</UL>
<BR>[Calls]<UL><LI><a href="#[1cd]">&gt;&gt;</a>&nbsp;&nbsp;&nbsp;print_string_ptr
</UL>
<BR>[Called By]<UL><LI><a href="#[1a5]">&gt;&gt;</a>&nbsp;&nbsp;&nbsp;print_value
</UL>

<P><STRONG><a name="[1cd]"></a>print_string_ptr</STRONG> (Thumb, 344 bytes, Stack size 40 bytes, cjson.o(i.print_string_ptr))
<BR><BR>[Stack]<UL><LI>Max Depth = 72<LI>Call Chain = print_string_ptr &rArr; ensure &rArr; __aeabi_memcpy
</UL>
<BR>[Calls]<UL><LI><a href="#[1ad]">&gt;&gt;</a>&nbsp;&nbsp;&nbsp;ensure
<LI><a href="#[180]">&gt;&gt;</a>&nbsp;&nbsp;&nbsp;__2sprintf
<LI><a href="#[1bf]">&gt;&gt;</a>&nbsp;&nbsp;&nbsp;strcpy
<LI><a href="#[1cf]">&gt;&gt;</a>&nbsp;&nbsp;&nbsp;strchr
</UL>
<BR>[Called By]<UL><LI><a href="#[1ce]">&gt;&gt;</a>&nbsp;&nbsp;&nbsp;print_string
<LI><a href="#[1cc]">&gt;&gt;</a>&nbsp;&nbsp;&nbsp;print_object
</UL>

<P><STRONG><a name="[1a5]"></a>print_value</STRONG> (Thumb, 162 bytes, Stack size 16 bytes, cjson.o(i.print_value))
<BR><BR>[Stack]<UL><LI>Max Depth = 160<LI>Call Chain = print_value &rArr; print_object &rArr;  print_value (Cycle)
</UL>
<BR>[Calls]<UL><LI><a href="#[1ce]">&gt;&gt;</a>&nbsp;&nbsp;&nbsp;print_string
<LI><a href="#[1cc]">&gt;&gt;</a>&nbsp;&nbsp;&nbsp;print_object
<LI><a href="#[1c9]">&gt;&gt;</a>&nbsp;&nbsp;&nbsp;print_number
<LI><a href="#[1c7]">&gt;&gt;</a>&nbsp;&nbsp;&nbsp;print_array
<LI><a href="#[1ad]">&gt;&gt;</a>&nbsp;&nbsp;&nbsp;ensure
<LI><a href="#[19c]">&gt;&gt;</a>&nbsp;&nbsp;&nbsp;cJSON_strdup
<LI><a href="#[1bf]">&gt;&gt;</a>&nbsp;&nbsp;&nbsp;strcpy
</UL>
<BR>[Called By]<UL><LI><a href="#[1a4]">&gt;&gt;</a>&nbsp;&nbsp;&nbsp;cJSON_PrintUnformatted
<LI><a href="#[1cc]">&gt;&gt;</a>&nbsp;&nbsp;&nbsp;print_object
<LI><a href="#[1c7]">&gt;&gt;</a>&nbsp;&nbsp;&nbsp;print_array
</UL>

<P><STRONG><a name="[1c8]"></a>update</STRONG> (Thumb, 28 bytes, Stack size 8 bytes, cjson.o(i.update))
<BR><BR>[Stack]<UL><LI>Max Depth = 8<LI>Call Chain = update
</UL>
<BR>[Calls]<UL><LI><a href="#[140]">&gt;&gt;</a>&nbsp;&nbsp;&nbsp;strlen
</UL>
<BR>[Called By]<UL><LI><a href="#[1cc]">&gt;&gt;</a>&nbsp;&nbsp;&nbsp;print_object
<LI><a href="#[1c7]">&gt;&gt;</a>&nbsp;&nbsp;&nbsp;print_array
</UL>

<P><STRONG><a name="[8a]"></a>DrawBitLine16BPP</STRONG> (Thumb, 132 bytes, Stack size 24 bytes, lcddummy.o(i.DrawBitLine16BPP))
<BR><BR>[Stack]<UL><LI>Max Depth = 176<LI>Call Chain = DrawBitLine16BPP &rArr; LCD_L0_SetPixelIndex &rArr; LCD_DrawPoint &rArr; LCD_Address_Set &rArr; LCD_WR_REG &rArr; LCD_Writ_Bus &rArr; HAL_SPI_Transmit &rArr; SPI_EndRxTxTransaction &rArr; SPI_WaitFlagStateUntilTimeout
</UL>
<BR>[Calls]<UL><LI><a href="#[8b]">&gt;&gt;</a>&nbsp;&nbsp;&nbsp;LCD_L0_SetPixelIndex
</UL>
<BR>[Called By]<UL><LI><a href="#[113]">&gt;&gt;</a>&nbsp;&nbsp;&nbsp;LCD_L0_DrawBitmap
</UL>

<P><STRONG><a name="[11f]"></a>_DrawBitLine1BPP</STRONG> (Thumb, 178 bytes, Stack size 40 bytes, lcddummy.o(i._DrawBitLine1BPP))
<BR><BR>[Stack]<UL><LI>Max Depth = 192<LI>Call Chain = _DrawBitLine1BPP &rArr; LCD_L0_SetPixelIndex &rArr; LCD_DrawPoint &rArr; LCD_Address_Set &rArr; LCD_WR_REG &rArr; LCD_Writ_Bus &rArr; HAL_SPI_Transmit &rArr; SPI_EndRxTxTransaction &rArr; SPI_WaitFlagStateUntilTimeout
</UL>
<BR>[Calls]<UL><LI><a href="#[8b]">&gt;&gt;</a>&nbsp;&nbsp;&nbsp;LCD_L0_SetPixelIndex
</UL>
<BR>[Called By]<UL><LI><a href="#[113]">&gt;&gt;</a>&nbsp;&nbsp;&nbsp;LCD_L0_DrawBitmap
</UL>

<P><STRONG><a name="[120]"></a>_DrawBitLine2BPP</STRONG> (Thumb, 280 bytes, Stack size 40 bytes, lcddummy.o(i._DrawBitLine2BPP))
<BR><BR>[Stack]<UL><LI>Max Depth = 192<LI>Call Chain = _DrawBitLine2BPP &rArr; LCD_L0_SetPixelIndex &rArr; LCD_DrawPoint &rArr; LCD_Address_Set &rArr; LCD_WR_REG &rArr; LCD_Writ_Bus &rArr; HAL_SPI_Transmit &rArr; SPI_EndRxTxTransaction &rArr; SPI_WaitFlagStateUntilTimeout
</UL>
<BR>[Calls]<UL><LI><a href="#[8b]">&gt;&gt;</a>&nbsp;&nbsp;&nbsp;LCD_L0_SetPixelIndex
</UL>
<BR>[Called By]<UL><LI><a href="#[113]">&gt;&gt;</a>&nbsp;&nbsp;&nbsp;LCD_L0_DrawBitmap
</UL>

<P><STRONG><a name="[121]"></a>_DrawBitLine4BPP</STRONG> (Thumb, 280 bytes, Stack size 40 bytes, lcddummy.o(i._DrawBitLine4BPP))
<BR><BR>[Stack]<UL><LI>Max Depth = 192<LI>Call Chain = _DrawBitLine4BPP &rArr; LCD_L0_SetPixelIndex &rArr; LCD_DrawPoint &rArr; LCD_Address_Set &rArr; LCD_WR_REG &rArr; LCD_Writ_Bus &rArr; HAL_SPI_Transmit &rArr; SPI_EndRxTxTransaction &rArr; SPI_WaitFlagStateUntilTimeout
</UL>
<BR>[Calls]<UL><LI><a href="#[8b]">&gt;&gt;</a>&nbsp;&nbsp;&nbsp;LCD_L0_SetPixelIndex
</UL>
<BR>[Called By]<UL><LI><a href="#[113]">&gt;&gt;</a>&nbsp;&nbsp;&nbsp;LCD_L0_DrawBitmap
</UL>

<P><STRONG><a name="[122]"></a>_DrawBitLine8BPP</STRONG> (Thumb, 138 bytes, Stack size 24 bytes, lcddummy.o(i._DrawBitLine8BPP))
<BR><BR>[Stack]<UL><LI>Max Depth = 176<LI>Call Chain = _DrawBitLine8BPP &rArr; LCD_L0_SetPixelIndex &rArr; LCD_DrawPoint &rArr; LCD_Address_Set &rArr; LCD_WR_REG &rArr; LCD_Writ_Bus &rArr; HAL_SPI_Transmit &rArr; SPI_EndRxTxTransaction &rArr; SPI_WaitFlagStateUntilTimeout
</UL>
<BR>[Calls]<UL><LI><a href="#[8b]">&gt;&gt;</a>&nbsp;&nbsp;&nbsp;LCD_L0_SetPixelIndex
</UL>
<BR>[Called By]<UL><LI><a href="#[113]">&gt;&gt;</a>&nbsp;&nbsp;&nbsp;LCD_L0_DrawBitmap
</UL>

<P><STRONG><a name="[9b]"></a>_Add</STRONG> (Thumb, 46 bytes, Stack size 12 bytes, gui_fillpolygon.o(i._Add))
<BR><BR>[Stack]<UL><LI>Max Depth = 12<LI>Call Chain = _Add
</UL>
<BR>[Called By]<UL><LI><a href="#[93]">&gt;&gt;</a>&nbsp;&nbsp;&nbsp;GL_FillPolygon
</UL>

<P><STRONG><a name="[c0]"></a>_GotoX</STRONG> (Thumb, 8 bytes, Stack size 0 bytes, gui_goto.o(i._GotoX))
<BR><BR>[Called By]<UL><LI><a href="#[a6]">&gt;&gt;</a>&nbsp;&nbsp;&nbsp;GUI_GotoXY
</UL>

<P><STRONG><a name="[c1]"></a>_GotoY</STRONG> (Thumb, 8 bytes, Stack size 0 bytes, gui_goto.o(i._GotoY))
<BR><BR>[Called By]<UL><LI><a href="#[a6]">&gt;&gt;</a>&nbsp;&nbsp;&nbsp;GUI_GotoXY
</UL>

<P><STRONG><a name="[5a]"></a>_CalcSizeOfChar</STRONG> (Thumb, 4 bytes, Stack size 0 bytes, gui_uc_encodenone.o(i._CalcSizeOfChar))
<BR>[Address Reference Count : 1]<UL><LI> gui_uc_encodenone.o(.constdata)
</UL>
<P><STRONG><a name="[5b]"></a>_Encode</STRONG> (Thumb, 6 bytes, Stack size 0 bytes, gui_uc_encodenone.o(i._Encode))
<BR>[Address Reference Count : 1]<UL><LI> gui_uc_encodenone.o(.constdata)
</UL>
<P><STRONG><a name="[58]"></a>_GetCharCode</STRONG> (Thumb, 4 bytes, Stack size 0 bytes, gui_uc_encodenone.o(i._GetCharCode))
<BR>[Address Reference Count : 1]<UL><LI> gui_uc_encodenone.o(.constdata)
</UL>
<P><STRONG><a name="[59]"></a>_GetCharSize</STRONG> (Thumb, 4 bytes, Stack size 0 bytes, gui_uc_encodenone.o(i._GetCharSize))
<BR>[Address Reference Count : 1]<UL><LI> gui_uc_encodenone.o(.constdata)
</UL>
<P><STRONG><a name="[95]"></a>Abs</STRONG> (Thumb, 8 bytes, Stack size 0 bytes, gui2dlib.o(i.Abs))
<BR><BR>[Called By]<UL><LI><a href="#[92]">&gt;&gt;</a>&nbsp;&nbsp;&nbsp;GL_DrawLine1
</UL>

<P><STRONG><a name="[94]"></a>_DrawLineEnd</STRONG> (Thumb, 14 bytes, Stack size 0 bytes, gui2dlib.o(i._DrawLineEnd))
<BR><BR>[Stack]<UL><LI>Max Depth = 224<LI>Call Chain = _DrawLineEnd &rArr; GL_DrawPoint &rArr; GL_FillCircle &rArr; LCD_DrawHLine &rArr; LCD_L0_DrawHLine &rArr; LCD_L0_XorPixel &rArr; LCD_L0_SetPixelIndex &rArr; LCD_DrawPoint &rArr; LCD_Address_Set &rArr; LCD_WR_REG &rArr; LCD_Writ_Bus &rArr; HAL_SPI_Transmit &rArr; SPI_EndRxTxTransaction &rArr; SPI_WaitFlagStateUntilTimeout
</UL>
<BR>[Calls]<UL><LI><a href="#[96]">&gt;&gt;</a>&nbsp;&nbsp;&nbsp;GL_DrawPoint
</UL>
<BR>[Called By]<UL><LI><a href="#[8e]">&gt;&gt;</a>&nbsp;&nbsp;&nbsp;GL_DrawLine
</UL>

<P><STRONG><a name="[98]"></a>_SetLineColor</STRONG> (Thumb, 114 bytes, Stack size 0 bytes, gui2dlib.o(i._SetLineColor))
<BR><BR>[Called By]<UL><LI><a href="#[92]">&gt;&gt;</a>&nbsp;&nbsp;&nbsp;GL_DrawLine1
</UL>

<P><STRONG><a name="[8f]"></a>_atan2</STRONG> (Thumb, 126 bytes, Stack size 8 bytes, gui2dlib.o(i._atan2))
<BR><BR>[Stack]<UL><LI>Max Depth = 8<LI>Call Chain = _atan2
</UL>
<BR>[Called By]<UL><LI><a href="#[8e]">&gt;&gt;</a>&nbsp;&nbsp;&nbsp;GL_DrawLine
</UL>

<P><STRONG><a name="[160]"></a>_CalcInterSectLin</STRONG> (Thumb, 78 bytes, Stack size 24 bytes, guiarc.o(i._CalcInterSectLin))
<BR><BR>[Stack]<UL><LI>Max Depth = 44<LI>Call Chain = _CalcInterSectLin &rArr; __aeabi_fsub &rArr; __aeabi_fadd &rArr; _float_epilogue
</UL>
<BR>[Calls]<UL><LI><a href="#[162]">&gt;&gt;</a>&nbsp;&nbsp;&nbsp;__aeabi_fmul
<LI><a href="#[70]">&gt;&gt;</a>&nbsp;&nbsp;&nbsp;__aeabi_fsub
<LI><a href="#[72]">&gt;&gt;</a>&nbsp;&nbsp;&nbsp;__aeabi_fdiv
<LI><a href="#[6d]">&gt;&gt;</a>&nbsp;&nbsp;&nbsp;__aeabi_fadd
<LI><a href="#[161]">&gt;&gt;</a>&nbsp;&nbsp;&nbsp;__aeabi_cfcmpeq
</UL>
<BR>[Called By]<UL><LI><a href="#[8d]">&gt;&gt;</a>&nbsp;&nbsp;&nbsp;_DrawArc
</UL>

<P><STRONG><a name="[16b]"></a>_CalcX</STRONG> (Thumb, 34 bytes, Stack size 8 bytes, guiarc.o(i._CalcX))
<BR><BR>[Stack]<UL><LI>Max Depth = 8<LI>Call Chain = _CalcX
</UL>
<BR>[Called By]<UL><LI><a href="#[8d]">&gt;&gt;</a>&nbsp;&nbsp;&nbsp;_DrawArc
</UL>

<P><STRONG><a name="[8d]"></a>_DrawArc</STRONG> (Thumb, 574 bytes, Stack size 88 bytes, guiarc.o(i._DrawArc))
<BR><BR>[Stack]<UL><LI>Max Depth = 336<LI>Call Chain = _DrawArc &rArr; sin &rArr; __ieee754_rem_pio2 &rArr; __aeabi_dsub &rArr; __aeabi_dadd &rArr; _double_epilogue &rArr; _double_round
</UL>
<BR>[Calls]<UL><LI><a href="#[7c]">&gt;&gt;</a>&nbsp;&nbsp;&nbsp;__aeabi_i2f
<LI><a href="#[163]">&gt;&gt;</a>&nbsp;&nbsp;&nbsp;__aeabi_f2d
<LI><a href="#[7f]">&gt;&gt;</a>&nbsp;&nbsp;&nbsp;__aeabi_ui2d
<LI><a href="#[7b]">&gt;&gt;</a>&nbsp;&nbsp;&nbsp;__aeabi_ddiv
<LI><a href="#[82]">&gt;&gt;</a>&nbsp;&nbsp;&nbsp;__aeabi_d2f
<LI><a href="#[162]">&gt;&gt;</a>&nbsp;&nbsp;&nbsp;__aeabi_fmul
<LI><a href="#[169]">&gt;&gt;</a>&nbsp;&nbsp;&nbsp;__aeabi_f2uiz
<LI><a href="#[7e]">&gt;&gt;</a>&nbsp;&nbsp;&nbsp;__aeabi_i2d
<LI><a href="#[78]">&gt;&gt;</a>&nbsp;&nbsp;&nbsp;__aeabi_dsub
<LI><a href="#[7a]">&gt;&gt;</a>&nbsp;&nbsp;&nbsp;__aeabi_dmul
<LI><a href="#[73]">&gt;&gt;</a>&nbsp;&nbsp;&nbsp;__aeabi_dadd
<LI><a href="#[80]">&gt;&gt;</a>&nbsp;&nbsp;&nbsp;__aeabi_d2iz
<LI><a href="#[9a]">&gt;&gt;</a>&nbsp;&nbsp;&nbsp;LCD_DrawHLine
<LI><a href="#[b2]">&gt;&gt;</a>&nbsp;&nbsp;&nbsp;__aeabi_f2iz
<LI><a href="#[16d]">&gt;&gt;</a>&nbsp;&nbsp;&nbsp;__aeabi_cfrcmple
<LI><a href="#[16c]">&gt;&gt;</a>&nbsp;&nbsp;&nbsp;__aeabi_cfcmple
<LI><a href="#[166]">&gt;&gt;</a>&nbsp;&nbsp;&nbsp;__ARM_scalbn
<LI><a href="#[16b]">&gt;&gt;</a>&nbsp;&nbsp;&nbsp;_CalcX
<LI><a href="#[160]">&gt;&gt;</a>&nbsp;&nbsp;&nbsp;_CalcInterSectLin
<LI><a href="#[167]">&gt;&gt;</a>&nbsp;&nbsp;&nbsp;sin
<LI><a href="#[164]">&gt;&gt;</a>&nbsp;&nbsp;&nbsp;floor
<LI><a href="#[168]">&gt;&gt;</a>&nbsp;&nbsp;&nbsp;cos
<LI><a href="#[16a]">&gt;&gt;</a>&nbsp;&nbsp;&nbsp;ceil
</UL>
<BR>[Called By]<UL><LI><a href="#[8c]">&gt;&gt;</a>&nbsp;&nbsp;&nbsp;GL_DrawArc
</UL>

<P><STRONG><a name="[c9]"></a>_DispLine</STRONG> (Thumb, 70 bytes, Stack size 32 bytes, guicharline.o(i._DispLine))
<BR><BR>[Stack]<UL><LI>Max Depth = 56<LI>Call Chain = _DispLine &rArr; GUI_UC__GetCharCodeInc
</UL>
<BR>[Calls]<UL><LI><a href="#[165]">&gt;&gt;</a>&nbsp;&nbsp;&nbsp;GUI_RectsIntersect
<LI><a href="#[ca]">&gt;&gt;</a>&nbsp;&nbsp;&nbsp;GUI_UC__GetCharCodeInc
</UL>
<BR>[Called By]<UL><LI><a href="#[b8]">&gt;&gt;</a>&nbsp;&nbsp;&nbsp;GUI__DispLine
</UL>

<P><STRONG><a name="[9f]"></a>GUIPROP_FindChar</STRONG> (Thumb, 22 bytes, Stack size 0 bytes, guicharp.o(i.GUIPROP_FindChar))
<BR><BR>[Called By]<UL><LI><a href="#[57]">&gt;&gt;</a>&nbsp;&nbsp;&nbsp;GUIPROP_IsInFont
<LI><a href="#[55]">&gt;&gt;</a>&nbsp;&nbsp;&nbsp;GUIPROP_GetCharDistX
<LI><a href="#[54]">&gt;&gt;</a>&nbsp;&nbsp;&nbsp;GUIPROP_DispChar
</UL>

<P><STRONG><a name="[b3]"></a>_DispFloatFix</STRONG> (Thumb, 82 bytes, Stack size 24 bytes, guivalf.o(i._DispFloatFix))
<BR><BR>[Stack]<UL><LI>Max Depth = 168<LI>Call Chain = _DispFloatFix &rArr; GUI_DispSDecShift &rArr; GUI_DispString &rArr; GUI__DispLine &rArr; _DispLine &rArr; GUI_UC__GetCharCodeInc
</UL>
<BR>[Calls]<UL><LI><a href="#[163]">&gt;&gt;</a>&nbsp;&nbsp;&nbsp;__aeabi_f2d
<LI><a href="#[82]">&gt;&gt;</a>&nbsp;&nbsp;&nbsp;__aeabi_d2f
<LI><a href="#[162]">&gt;&gt;</a>&nbsp;&nbsp;&nbsp;__aeabi_fmul
<LI><a href="#[6d]">&gt;&gt;</a>&nbsp;&nbsp;&nbsp;__aeabi_fadd
<LI><a href="#[b2]">&gt;&gt;</a>&nbsp;&nbsp;&nbsp;__aeabi_f2iz
<LI><a href="#[7d]">&gt;&gt;</a>&nbsp;&nbsp;&nbsp;__aeabi_ui2f
<LI><a href="#[b4]">&gt;&gt;</a>&nbsp;&nbsp;&nbsp;GUI_DispSDecShift
<LI><a href="#[ad]">&gt;&gt;</a>&nbsp;&nbsp;&nbsp;GUI_DispDecShift
<LI><a href="#[164]">&gt;&gt;</a>&nbsp;&nbsp;&nbsp;floor
</UL>
<BR>[Called By]<UL><LI><a href="#[b1]">&gt;&gt;</a>&nbsp;&nbsp;&nbsp;GUI_DispFloat
</UL>

<P><STRONG><a name="[126]"></a>_GetColorIndex</STRONG> (Thumb, 12 bytes, Stack size 0 bytes, lcd_1.o(i._GetColorIndex))
<BR><BR>[Called By]<UL><LI><a href="#[127]">&gt;&gt;</a>&nbsp;&nbsp;&nbsp;LCD_SetColorIndex
<LI><a href="#[125]">&gt;&gt;</a>&nbsp;&nbsp;&nbsp;LCD_SetBkColorIndex
</UL>

<P><STRONG><a name="[179]"></a>_fp_digits</STRONG> (Thumb, 366 bytes, Stack size 64 bytes, printfa.o(i._fp_digits), UNUSED)
<BR><BR>[Calls]<UL><LI><a href="#[7b]">&gt;&gt;</a>&nbsp;&nbsp;&nbsp;__aeabi_ddiv
<LI><a href="#[7a]">&gt;&gt;</a>&nbsp;&nbsp;&nbsp;__aeabi_dmul
<LI><a href="#[73]">&gt;&gt;</a>&nbsp;&nbsp;&nbsp;__aeabi_dadd
<LI><a href="#[17a]">&gt;&gt;</a>&nbsp;&nbsp;&nbsp;__aeabi_cdrcmple
<LI><a href="#[83]">&gt;&gt;</a>&nbsp;&nbsp;&nbsp;__aeabi_uldivmod
<LI><a href="#[86]">&gt;&gt;</a>&nbsp;&nbsp;&nbsp;__aeabi_d2ulz
</UL>
<BR>[Called By]<UL><LI><a href="#[16f]">&gt;&gt;</a>&nbsp;&nbsp;&nbsp;_printf_core
</UL>

<P><STRONG><a name="[16f]"></a>_printf_core</STRONG> (Thumb, 1704 bytes, Stack size 136 bytes, printfa.o(i._printf_core), UNUSED)
<BR><BR>[Calls]<UL><LI><a href="#[83]">&gt;&gt;</a>&nbsp;&nbsp;&nbsp;__aeabi_uldivmod
<LI><a href="#[17e]">&gt;&gt;</a>&nbsp;&nbsp;&nbsp;__aeabi_uidivmod
<LI><a href="#[17c]">&gt;&gt;</a>&nbsp;&nbsp;&nbsp;_printf_pre_padding
<LI><a href="#[17d]">&gt;&gt;</a>&nbsp;&nbsp;&nbsp;_printf_post_padding
<LI><a href="#[179]">&gt;&gt;</a>&nbsp;&nbsp;&nbsp;_fp_digits
</UL>
<BR>[Called By]<UL><LI><a href="#[170]">&gt;&gt;</a>&nbsp;&nbsp;&nbsp;__0sprintf
<LI><a href="#[16e]">&gt;&gt;</a>&nbsp;&nbsp;&nbsp;__0printf
</UL>

<P><STRONG><a name="[17d]"></a>_printf_post_padding</STRONG> (Thumb, 36 bytes, Stack size 24 bytes, printfa.o(i._printf_post_padding), UNUSED)
<BR><BR>[Called By]<UL><LI><a href="#[16f]">&gt;&gt;</a>&nbsp;&nbsp;&nbsp;_printf_core
</UL>

<P><STRONG><a name="[17c]"></a>_printf_pre_padding</STRONG> (Thumb, 46 bytes, Stack size 24 bytes, printfa.o(i._printf_pre_padding), UNUSED)
<BR><BR>[Called By]<UL><LI><a href="#[16f]">&gt;&gt;</a>&nbsp;&nbsp;&nbsp;_printf_core
</UL>

<P><STRONG><a name="[42]"></a>_sputc</STRONG> (Thumb, 10 bytes, Stack size 0 bytes, printfa.o(i._sputc))
<BR><BR>[Called By]<UL><LI><a href="#[170]">&gt;&gt;</a>&nbsp;&nbsp;&nbsp;__0sprintf
</UL>
<BR>[Address Reference Count : 1]<UL><LI> printfa.o(i.__0sprintf)
</UL>
<P><STRONG><a name="[3a]"></a>_scanf_char_input</STRONG> (Thumb, 12 bytes, Stack size 0 bytes, scanf_char.o(.text))
<BR>[Address Reference Count : 1]<UL><LI> scanf_char.o(.text)
</UL><P>
<H3>
Undefined Global Symbols
</H3><HR></body></html>
